Archive member included because of file (symbol)

../../iSense/lib/pacemate/iSenseLibraryPacemate.a(os.o)
                              bin/pacemate/WISEBEDApplication.o (isense::Os::allow_sleep(bool))
../../iSense/lib/pacemate/iSenseLibraryPacemate.a(time.o)
                              ../../iSense/lib/pacemate/iSenseLibraryPacemate.a(os.o) (isense::Time::operator=(isense::Time const&) volatile)
../../iSense/lib/pacemate/iSenseLibraryPacemate.a(application.o)
                              bin/pacemate/WISEBEDApplication.o (vtable for isense::Application)
../../iSense/lib/pacemate/iSenseLibraryPacemate.a(dispatcher.o)
                              ../../iSense/lib/pacemate/iSenseLibraryPacemate.a(os.o) (vtable for isense::Dispatcher)
../../iSense/lib/pacemate/iSenseLibraryPacemate.a(queue.o)
                              ../../iSense/lib/pacemate/iSenseLibraryPacemate.a(dispatcher.o) (isense::Queue::pull())
../../iSense/lib/pacemate/iSenseLibraryPacemate.a(isense_object.o)
                              bin/pacemate/WISEBEDApplication.o (isense::iSenseObject::operator new(unsigned long))
../../iSense/lib/pacemate/iSenseLibraryPacemate.a(isense_memory.o)
                              ../../iSense/lib/pacemate/iSenseLibraryPacemate.a(os.o) (isense::malloc(unsigned long))
../../iSense/lib/pacemate/iSenseLibraryPacemate.a(uart.o)
                              bin/pacemate/WISEBEDApplication.o (isense::Uart::set_packet_handler(unsigned char, isense::UartPacketHandler*))
../../iSense/lib/pacemate/iSenseLibraryPacemate.a(default_disable_restore_interrupts.o)
                              ../../iSense/lib/pacemate/iSenseLibraryPacemate.a(os.o) (restore_interrupts)
../../iSense/lib/pacemate/iSenseLibraryPacemate.a(pseudo_random_number_generator.o)
                              ../../iSense/lib/pacemate/iSenseLibraryPacemate.a(os.o) (isense::PseudoRandomNumberGenerator::srand(unsigned long))
../../iSense/lib/pacemate/iSenseLibraryPacemate.a(simple_memory.o)
                              ../../iSense/lib/pacemate/iSenseLibraryPacemate.a(isense_memory.o) (mem)
../../iSense/lib/pacemate/iSenseLibraryPacemate.a(ishell_interpreter.o)
                              bin/pacemate/WISEBEDApplication.o (vtable for isense::IShellInterpreter)
../../iSense/lib/pacemate/iSenseLibraryPacemate.a(cxa_pure_virtual.o)
                              bin/pacemate/WISEBEDApplication.o (__cxa_pure_virtual)
../../iSense/lib/pacemate/iSenseLibraryPacemate.a(memmove.o)
                              ../../iSense/lib/pacemate/iSenseLibraryPacemate.a(queue.o) (memmove)
../../iSense/lib/pacemate/iSenseLibraryPacemate.a(snprintf.o)
                              ../../iSense/lib/pacemate/iSenseLibraryPacemate.a(dispatcher.o) (snprintf)
../../iSense/lib/pacemate/iSenseLibraryPacemate.a(vsnprintf.o)
                              ../../iSense/lib/pacemate/iSenseLibraryPacemate.a(os.o) (vsnprintf)
../../iSense/lib/pacemate/iSenseLibraryPacemate.a(pacemate_module.o)
                              bin/pacemate/WISEBEDApplication.o (isense::PacemateModule::clear_screen())
../../iSense/lib/pacemate/iSenseLibraryPacemate.a(crt0.o)
                              (_boot)
../../iSense/lib/pacemate/iSenseLibraryPacemate.a(Accu.o)
                              ../../iSense/lib/pacemate/iSenseLibraryPacemate.a(pacemate_module.o) (ACCU_GetState)
../../iSense/lib/pacemate/iSenseLibraryPacemate.a(Display.o)
                              ../../iSense/lib/pacemate/iSenseLibraryPacemate.a(pacemate_module.o) (Display_ClearScreen)
../../iSense/lib/pacemate/iSenseLibraryPacemate.a(fonts.o)
                              ../../iSense/lib/pacemate/iSenseLibraryPacemate.a(Display.o) (fonts)
../../iSense/lib/pacemate/iSenseLibraryPacemate.a(HR.o)
                              ../../iSense/lib/pacemate/iSenseLibraryPacemate.a(pacemate_module.o) (HR_Reset)
../../iSense/lib/pacemate/iSenseLibraryPacemate.a(Led.o)
                              ../../iSense/lib/pacemate/iSenseLibraryPacemate.a(pacemate_module.o) (Led_Off)
../../iSense/lib/pacemate/iSenseLibraryPacemate.a(Sys.o)
                              ../../iSense/lib/pacemate/iSenseLibraryPacemate.a(pacemate_module.o) (SYS_Reset)
../../iSense/lib/pacemate/iSenseLibraryPacemate.a(Timer1.o)
                              ../../iSense/lib/pacemate/iSenseLibraryPacemate.a(Display.o) (Timer1_Wait)
../../iSense/lib/pacemate/iSenseLibraryPacemate.a(Debug.o)
                              ../../iSense/lib/pacemate/iSenseLibraryPacemate.a(pacemate_module.o) (Debug_Sound)
../../iSense/lib/pacemate/iSenseLibraryPacemate.a(min.o)
                              ../../iSense/lib/pacemate/iSenseLibraryPacemate.a(ishell_interpreter.o) (min)
../../iSense/lib/pacemate/iSenseLibraryPacemate.a(sprint_number.o)
                              ../../iSense/lib/pacemate/iSenseLibraryPacemate.a(vsnprintf.o) (sprint_number)
../../iSense/lib/pacemate/iSenseLibraryPacemate.a(pacemate_boot.o)
[...]
Memory Configuration

Name             Origin             Length             Attributes
ROM              0x00003000         0x0003d000         xr
RAM              0x40000000         0x00008000         rw
*default*        0x00000000         0xffffffff

Linker script and memory map

LOAD bin/pacemate/WISEBEDApplication.o
LOAD ../../iSense/lib/pacemate/iSenseLibraryPacemate.a
LOAD ../../iSense/lib/pacemate/libc.a
LOAD ../../iSense/lib/pacemate/libgcc.a
                0x00002000                STACK_SIZE = 0x2000

.text           0x00003000    0x18fb0
 *(.init)
 .init          0x00003000      0x13c ../../iSense/lib/pacemate/iSenseLibraryPacemate.a(crt0.o)
                0x00003114                reset
                0x00003000                _boot
                0x00003050                _mainCRTStartup
                0x00003114                abort
                0x00003050                _start
                0x00003114                _reset
                0x00003114                exit
                0x00003050                start
 *(.text .text.*)
 .text          0x0000313c      0xe7c bin/pacemate/WISEBEDApplication.o
                0x000032dc                WISEBEDApplication::read_sensors()
                0x00003410                WISEBEDApplication::receive_message(unsigned short, unsigned char, unsigned char*, unsigned char, unsigned char)
                0x0000393c                application_factory(isense::Os&)
                0x00003154                WISEBEDApplication::boot()
                0x00003da4                WISEBEDApplication::send_message()
                0x00003380                WISEBEDApplication::confirm(unsigned char, unsigned char, isense::Time)
                0x000033b0                WISEBEDApplication::receive(unsigned char, unsigned char const*, unsigned short, unsigned short, unsigned short, unsigned short, unsigned char, unsigned char, isense::Time)
                0x0000399c                WISEBEDApplication::WISEBEDApplication(isense::Os&)
                0x00003534                WISEBEDApplication::WISEBEDApplication(isense::Os&)
                0x000032f4                WISEBEDApplication::execute(void*)
                0x0000313c                WISEBEDApplication::init_sensors()
                0x000034e0                WISEBEDApplication::handle_uart_packet(unsigned char, unsigned char*, unsigned char)
 .text._ZN6isense2Os4timeEv
                0x00003fb8       0x48 ../../iSense/lib/pacemate/iSenseLibraryPacemate.a(os.o)
                0x00003fb8                isense::Os::time()
 .text._ZN6isense2Os7wake_upEb
                0x00004000        0x4 ../../iSense/lib/pacemate/iSenseLibraryPacemate.a(os.o)
                0x00004000                isense::Os::wake_up(bool)
 .text._ZN6isense2Os11allow_sleepEb
                0x00004004       0x54 ../../iSense/lib/pacemate/iSenseLibraryPacemate.a(os.o)
                0x00004004                isense::Os::allow_sleep(bool)
 .text._ZN6isense2Os10allow_dozeEb
                0x00004058       0x54 ../../iSense/lib/pacemate/iSenseLibraryPacemate.a(os.o)
                0x00004058                isense::Os::allow_doze(bool)
 .text._ZN6isense2Os17add_sleep_handlerEPNS_12SleepHandlerE
                0x000040ac        0x8 ../../iSense/lib/pacemate/iSenseLibraryPacemate.a(os.o)
                0x000040ac                isense::Os::add_sleep_handler(isense::SleepHandler*)
 .text._ZN6isense2Os15set_applicationEPNS_11ApplicationE
                0x000040b4        0x8 ../../iSense/lib/pacemate/iSenseLibraryPacemate.a(os.o)
                0x000040b4                isense::Os::set_application(isense::Application*)
 .text._ZN6isense2Os11applicationEv
                0x000040bc        0x8 ../../iSense/lib/pacemate/iSenseLibraryPacemate.a(os.o)
                0x000040bc                isense::Os::application()
 .text._ZN6isense2Os3logEPKch
                0x000040c4       0xc4 ../../iSense/lib/pacemate/iSenseLibraryPacemate.a(os.o)
                0x000040c4                isense::Os::log(char const*, unsigned char)
 .text._ZN6isense2Os5fatalEPKcz
                0x00004188       0x60 ../../iSense/lib/pacemate/iSenseLibraryPacemate.a(os.o)
                0x00004188                isense::Os::fatal(char const*, ...)
 .text._ZN6isense2Os11handle_taskEv
                0x000041e8       0xb8 ../../iSense/lib/pacemate/iSenseLibraryPacemate.a(os.o)
                0x000041e8                isense::Os::handle_task()
 .text._ZN6isense2Os8add_taskEPNS_4TaskEPv
                0x000042a0       0xb8 ../../iSense/lib/pacemate/iSenseLibraryPacemate.a(os.o)
                0x000042a0                isense::Os::add_task(isense::Task*, void*)
 .text._ZN6isense2Os5clockEv
                0x00004358       0x24 ../../iSense/lib/pacemate/iSenseLibraryPacemate.a(os.o)
                0x00004358                isense::Os::clock()
 .text._ZN6isense2Os11force_sleepEb
                0x0000437c       0x90 ../../iSense/lib/pacemate/iSenseLibraryPacemate.a(os.o)
                0x0000437c                isense::Os::force_sleep(bool)
 .text._ZN6isense2Os5debugEPKcz
                0x0000440c       0x60 ../../iSense/lib/pacemate/iSenseLibraryPacemate.a(os.o)
                0x0000440c                isense::Os::debug(char const*, ...)
 .text._ZN6isense2Os12task_q_checkEv
                0x0000446c      0x178 ../../iSense/lib/pacemate/iSenseLibraryPacemate.a(os.o)
                0x0000446c                isense::Os::task_q_check()
 .text._ZN6isense2Os5srandEm
                0x000045e4        0x8 ../../iSense/lib/pacemate/iSenseLibraryPacemate.a(os.o)
                0x000045e4                isense::Os::srand(unsigned long)
 .text._ZN6isense2Os4randEm
                0x000045ec        0x8 ../../iSense/lib/pacemate/iSenseLibraryPacemate.a(os.o)
                0x000045ec                isense::Os::rand(unsigned long)
 .text._ZN6isense2Os29maximum_flooding_backoff_timeEv
                0x000045f4       0x10 ../../iSense/lib/pacemate/iSenseLibraryPacemate.a(os.o)
                0x000045f4                isense::Os::maximum_flooding_backoff_time()
 .text._ZN6isense2Os33set_maximum_flooding_backoff_timeEt
                0x00004604       0x10 ../../iSense/lib/pacemate/iSenseLibraryPacemate.a(os.o)
                0x00004604                isense::Os::set_maximum_flooding_backoff_time(unsigned short)
 .text._ZN6isense2Os17sleepHandlerCountEv
                0x00004614        0x8 ../../iSense/lib/pacemate/iSenseLibraryPacemate.a(os.o)
                0x00004614                isense::Os::sleepHandlerCount()
 .text._ZN6isense2Os7confirmEhhNS_4TimeE
                0x0000461c        0x8 ../../iSense/lib/pacemate/iSenseLibraryPacemate.a(os.o)
                0x0000461c                isense::Os::confirm(unsigned char, unsigned char, isense::Time)
 .text._ZN6isense2Os5statsEv
                0x00004624       0xd0 ../../iSense/lib/pacemate/iSenseLibraryPacemate.a(os.o)
                0x00004624                isense::Os::stats()
 .text._ZN6isense2OsD2Ev
                0x000046f4       0xc4 ../../iSense/lib/pacemate/iSenseLibraryPacemate.a(os.o)
                0x000046f4                isense::Os::~Os()
 .text._ZN6isense2OsD1Ev
                0x000047b8       0xc4 ../../iSense/lib/pacemate/iSenseLibraryPacemate.a(os.o)
                0x000047b8                isense::Os::~Os()
 .text._ZN6isense2OsD0Ev
                0x0000487c       0xd8 ../../iSense/lib/pacemate/iSenseLibraryPacemate.a(os.o)
                0x0000487c                isense::Os::~Os()
 .text._ZN6isense2Os21remove_timeout_internEh
                0x00004954       0xc4 ../../iSense/lib/pacemate/iSenseLibraryPacemate.a(os.o)
                0x00004954                isense::Os::remove_timeout_intern(unsigned char)
 .text._ZN6isense2Os8set_timeENS_4TimeE
                0x00004a18      0x18c ../../iSense/lib/pacemate/iSenseLibraryPacemate.a(os.o)
                0x00004a18                isense::Os::set_time(isense::Time)
 .text._ZN6isense2Os15internal_updateEv
                0x00004ba4      0x108 ../../iSense/lib/pacemate/iSenseLibraryPacemate.a(os.o)
                0x00004ba4                isense::Os::internal_update()
 .text._ZN6isense2Os14remove_timeoutEhPNS_14TimeoutHandlerE
                0x00004cac       0x40 ../../iSense/lib/pacemate/iSenseLibraryPacemate.a(os.o)
                0x00004cac                isense::Os::remove_timeout(unsigned char, isense::TimeoutHandler*)
 .text._ZN6isense2Os14add_timeout_atENS_4TimeEPNS_14TimeoutHandlerEPv
                0x00004cec       0xc0 ../../iSense/lib/pacemate/iSenseLibraryPacemate.a(os.o)
                0x00004cec                isense::Os::add_timeout_at(isense::Time, isense::TimeoutHandler*, void*)
 .text._ZN6isense2Os11add_task_atENS_4TimeEPNS_4TaskEPv
                0x00004dac      0x124 ../../iSense/lib/pacemate/iSenseLibraryPacemate.a(os.o)
                0x00004dac                isense::Os::add_task_at(isense::Time, isense::Task*, void*)
 .text._ZN6isense2Os11add_task_inENS_4TimeEPNS_4TaskEPv
                0x00004ed0       0x58 ../../iSense/lib/pacemate/iSenseLibraryPacemate.a(os.o)
                0x00004ed0                isense::Os::add_task_in(isense::Time, isense::Task*, void*)
 .text._ZN6isense2Os14add_timeout_inENS_4TimeEPNS_14TimeoutHandlerEPv
                0x00004f28       0x58 ../../iSense/lib/pacemate/iSenseLibraryPacemate.a(os.o)
                0x00004f28                isense::Os::add_timeout_in(isense::Time, isense::TimeoutHandler*, void*)
 .text._ZN6isense2Os7timeoutEv
                0x00004f80       0xc8 ../../iSense/lib/pacemate/iSenseLibraryPacemate.a(os.o)
                0x00004f80                isense::Os::timeout()
 .text._ZN6isense2Os6handleEv
                0x00005048      0x250 ../../iSense/lib/pacemate/iSenseLibraryPacemate.a(os.o)
                0x00005048                isense::Os::handle()
 .text._ZN6isense2Os10dispatcherEv
                0x00005298       0x8c ../../iSense/lib/pacemate/iSenseLibraryPacemate.a(os.o)
                0x00005298                isense::Os::dispatcher()
 .text._ZNV6isense4TimeaSERKS0_
                0x00005324       0x18 ../../iSense/lib/pacemate/iSenseLibraryPacemate.a(time.o)
                0x00005324                isense::Time::operator=(isense::Time const&) volatile
 .text._ZNVK6isense4Time3secEv
                0x0000533c        0x8 ../../iSense/lib/pacemate/iSenseLibraryPacemate.a(time.o)
                0x0000533c                isense::Time::sec() const volatile
 .text._ZNVK6isense4Time2msEv
                0x00005344        0x8 ../../iSense/lib/pacemate/iSenseLibraryPacemate.a(time.o)
                0x00005344                isense::Time::ms() const volatile
 .text._ZNVK6isense4Time9to_millisERm
                0x0000534c       0x34 ../../iSense/lib/pacemate/iSenseLibraryPacemate.a(time.o)
                0x0000534c                isense::Time::to_millis(unsigned long&) const volatile
 .text._ZNVK6isense4TimeeqERKS0_
                0x00005380       0x2c ../../iSense/lib/pacemate/iSenseLibraryPacemate.a(time.o)
                0x00005380                isense::Time::operator==(isense::Time const&) const volatile
 .text._ZNVK6isense4TimeneERKS0_
                0x000053ac       0x2c ../../iSense/lib/pacemate/iSenseLibraryPacemate.a(time.o)
                0x000053ac                isense::Time::operator!=(isense::Time const&) const volatile
 .text._ZNVK6isense4TimemiERKS0_
                0x000053d8       0x68 ../../iSense/lib/pacemate/iSenseLibraryPacemate.a(time.o)
                0x000053d8                isense::Time::operator-(isense::Time const&) const volatile
 .text._ZNVK6isense4TimeltERKS0_
                0x00005440       0x3c ../../iSense/lib/pacemate/iSenseLibraryPacemate.a(time.o)
                0x00005440                isense::Time::operator<(isense::Time const&) const volatile
 .text._ZNVK6isense4TimegtERKS0_
                0x0000547c       0x3c ../../iSense/lib/pacemate/iSenseLibraryPacemate.a(time.o)
                0x0000547c                isense::Time::operator>(isense::Time const&) const volatile
 .text._ZNVK6isense4TimeleERKS0_
                0x000054b8       0x14 ../../iSense/lib/pacemate/iSenseLibraryPacemate.a(time.o)
                0x000054b8                isense::Time::operator<=(isense::Time const&) const volatile
 .text._ZNVK6isense4TimegeERKS0_
                0x000054cc       0x14 ../../iSense/lib/pacemate/iSenseLibraryPacemate.a(time.o)
                0x000054cc                isense::Time::operator>=(isense::Time const&) const volatile
 .text._ZNV6isense4Time3incEv
                0x000054e0       0x60 ../../iSense/lib/pacemate/iSenseLibraryPacemate.a(time.o)
                0x000054e0                isense::Time::inc() volatile
 .text._ZNVK6isense4TimeplERKS0_
                0x00005540       0x64 ../../iSense/lib/pacemate/iSenseLibraryPacemate.a(time.o)
                0x00005540                isense::Time::operator+(isense::Time const&) const volatile
 .text._ZN6isense11Application4bootEv
                0x000055a4        0x4 ../../iSense/lib/pacemate/iSenseLibraryPacemate.a(application.o)
                0x000055a4                isense::Application::boot()
 .text._ZN6isense11Application2osEv
                0x000055a8        0x8 ../../iSense/lib/pacemate/iSenseLibraryPacemate.a(application.o)
                0x000055a8                isense::Application::os()
 .text._ZN6isense10DispatcherD2Ev
                0x000055b0       0x64 ../../iSense/lib/pacemate/iSenseLibraryPacemate.a(dispatcher.o)
                0x000055b0                isense::Dispatcher::~Dispatcher()
 .text._ZN6isense10DispatcherD1Ev
                0x00005614       0x64 ../../iSense/lib/pacemate/iSenseLibraryPacemate.a(dispatcher.o)
                0x00005614                isense::Dispatcher::~Dispatcher()
 .text._ZN6isense10DispatcherD0Ev
                0x00005678       0x78 ../../iSense/lib/pacemate/iSenseLibraryPacemate.a(dispatcher.o)
                0x00005678                isense::Dispatcher::~Dispatcher()
 .text._ZN6isense10Dispatcher12add_receiverEPNS_8ReceiverE
                0x000056f0       0x54 ../../iSense/lib/pacemate/iSenseLibraryPacemate.a(dispatcher.o)
                0x000056f0                isense::Dispatcher::add_receiver(isense::Receiver*)
 .text._ZN6isense10Dispatcher15remove_receiverEPNS_8ReceiverE
                0x00005744       0x44 ../../iSense/lib/pacemate/iSenseLibraryPacemate.a(dispatcher.o)
                0x00005744                isense::Dispatcher::remove_receiver(isense::Receiver*)
 .text._ZN6isense10Dispatcher17set_fast_receiverEPNS_8ReceiverE
                0x00005788       0x24 ../../iSense/lib/pacemate/iSenseLibraryPacemate.a(dispatcher.o)
                0x00005788                isense::Dispatcher::set_fast_receiver(isense::Receiver*)
 .text._ZN6isense10Dispatcher24set_promiscuous_receiverEPNS_8ReceiverE
                0x000057ac       0x24 ../../iSense/lib/pacemate/iSenseLibraryPacemate.a(dispatcher.o)
                0x000057ac                isense::Dispatcher::set_promiscuous_receiver(isense::Receiver*)
 .text._ZN6isense10Dispatcher12queue_lengthEv
                0x000057d0       0x14 ../../iSense/lib/pacemate/iSenseLibraryPacemate.a(dispatcher.o)
                0x000057d0                isense::Dispatcher::queue_length()
 .text._ZN6isense10Dispatcher7executeEPv
                0x000057e4      0x21c ../../iSense/lib/pacemate/iSenseLibraryPacemate.a(dispatcher.o)
                0x000057e4                isense::Dispatcher::execute(void*)
 .text._ZN6isense10Dispatcher7receiveEhPKhtttthhNS_4TimeE
                0x00005a00      0x2b8 ../../iSense/lib/pacemate/iSenseLibraryPacemate.a(dispatcher.o)
                0x00005a00                isense::Dispatcher::receive(unsigned char, unsigned char const*, unsigned short, unsigned short, unsigned short, unsigned short, unsigned char, unsigned char, isense::Time)
 .text._ZN6isense13QueueIteratorppEv
                0x00005cb8       0x44 ../../iSense/lib/pacemate/iSenseLibraryPacemate.a(queue.o)
                0x00005cb8                isense::QueueIterator::operator++()
 .text._ZN6isense13QueueIteratorppEi
                0x00005cfc       0x2c ../../iSense/lib/pacemate/iSenseLibraryPacemate.a(queue.o)
                0x00005cfc                isense::QueueIterator::operator++(int)
 .text._ZN6isense13QueueIteratordeEv
                0x00005d28       0x24 ../../iSense/lib/pacemate/iSenseLibraryPacemate.a(queue.o)
                0x00005d28                isense::QueueIterator::operator*()
 .text._ZN6isense13QueueIteratoreqERKS0_
                0x00005d4c       0x2c ../../iSense/lib/pacemate/iSenseLibraryPacemate.a(queue.o)
                0x00005d4c                isense::QueueIterator::operator==(isense::QueueIterator const&)
 .text._ZN6isense13QueueIteratorneERKS0_
                0x00005d78       0x14 ../../iSense/lib/pacemate/iSenseLibraryPacemate.a(queue.o)
                0x00005d78                isense::QueueIterator::operator!=(isense::QueueIterator const&)
 .text._ZN6isense13QueueIterator6removeEv
                0x00005d8c      0x10c ../../iSense/lib/pacemate/iSenseLibraryPacemate.a(queue.o)
                0x00005d8c                isense::QueueIterator::remove()
 .text._ZN6isense5Queue4pullEv
                0x00005e98       0xa4 ../../iSense/lib/pacemate/iSenseLibraryPacemate.a(queue.o)
                0x00005e98                isense::Queue::pull()
 .text._ZN6isense5Queue4pushEPv
                0x00005f3c       0xa8 ../../iSense/lib/pacemate/iSenseLibraryPacemate.a(queue.o)
                0x00005f3c                isense::Queue::push(void*)
 .text._ZN6isense5Queue5emptyEv
                0x00005fe4       0x18 ../../iSense/lib/pacemate/iSenseLibraryPacemate.a(queue.o)
                0x00005fe4                isense::Queue::empty()
 .text._ZN6isense5Queue4fullEv
                0x00005ffc       0x18 ../../iSense/lib/pacemate/iSenseLibraryPacemate.a(queue.o)
                0x00005ffc                isense::Queue::full()
 .text._ZN6isense5Queue6lengthEv
                0x00006014        0x8 ../../iSense/lib/pacemate/iSenseLibraryPacemate.a(queue.o)
                0x00006014                isense::Queue::length()
 .text._ZN6isense13QueueIteratorC2ERNS_5QueueEhb
                0x0000601c       0x38 ../../iSense/lib/pacemate/iSenseLibraryPacemate.a(queue.o)
                0x0000601c                isense::QueueIterator::QueueIterator(isense::Queue&, unsigned char, bool)
 .text._ZN6isense13QueueIteratorC1ERNS_5QueueEhb
                0x00006054       0x38 ../../iSense/lib/pacemate/iSenseLibraryPacemate.a(queue.o)
                0x00006054                isense::QueueIterator::QueueIterator(isense::Queue&, unsigned char, bool)
 .text._ZN6isense5Queue3endEv
                0x0000608c       0x20 ../../iSense/lib/pacemate/iSenseLibraryPacemate.a(queue.o)
                0x0000608c                isense::Queue::end()
 .text._ZN6isense5Queue5beginEv
                0x000060ac       0x20 ../../iSense/lib/pacemate/iSenseLibraryPacemate.a(queue.o)
                0x000060ac                isense::Queue::begin()
 .text._ZN6isense12iSenseObjectnwEm
                0x000060cc        0x4 ../../iSense/lib/pacemate/iSenseLibraryPacemate.a(isense_object.o)
                0x000060cc                isense::iSenseObject::operator new(unsigned long)
 .text._ZN6isense12iSenseObjectdlEPv
                0x000060d0        0x4 ../../iSense/lib/pacemate/iSenseLibraryPacemate.a(isense_object.o)
                0x000060d0                isense::iSenseObject::operator delete(void*)
 .text._ZN6isense6mallocEm
                0x000060d4       0x28 ../../iSense/lib/pacemate/iSenseLibraryPacemate.a(isense_memory.o)
                0x000060d4                isense::malloc(unsigned long)
 .text._ZN6isense4freeEPv
                0x000060fc       0x20 ../../iSense/lib/pacemate/iSenseLibraryPacemate.a(isense_memory.o)
                0x000060fc                isense::free(void*)
 .text._ZN6isense7reallocEPvm
                0x0000611c       0x40 ../../iSense/lib/pacemate/iSenseLibraryPacemate.a(isense_memory.o)
                0x0000611c                isense::realloc(void*, unsigned long)
 .text.calloc   0x0000615c       0x30 ../../iSense/lib/pacemate/iSenseLibraryPacemate.a(isense_memory.o)
                0x0000615c                calloc
 .text._Znwm    0x0000618c        0x4 ../../iSense/lib/pacemate/iSenseLibraryPacemate.a(isense_memory.o)
                0x0000618c                operator new(unsigned long)
 .text._ZdlPv   0x00006190        0x4 ../../iSense/lib/pacemate/iSenseLibraryPacemate.a(isense_memory.o)
                0x00006190                operator delete(void*)
 .text._ZN6isense4Uart26enable_non_blocking_outputEv
                0x00006194        0x4 ../../iSense/lib/pacemate/iSenseLibraryPacemate.a(uart.o)
                0x00006194                isense::Uart::enable_non_blocking_output()
 .text._ZN6isense4Uart15clear_rx_bufferEv
                0x00006198        0xc ../../iSense/lib/pacemate/iSenseLibraryPacemate.a(uart.o)
                0x00006198                isense::Uart::clear_rx_buffer()
 .text._ZN6isense4Uart12write_packetEhPKcm
                0x000061a4       0xf4 ../../iSense/lib/pacemate/iSenseLibraryPacemate.a(uart.o)
                0x000061a4                isense::Uart::write_packet(unsigned char, char const*, unsigned long)
 .text._ZN6isense4Uart12write_bufferEPKcm
                0x00006298       0x68 ../../iSense/lib/pacemate/iSenseLibraryPacemate.a(uart.o)
                0x00006298                isense::Uart::write_buffer(char const*, unsigned long)
 .text._ZN6isense4Uart21set_interrupt_handlerEPNS_16InterruptHandlerE
                0x00006300       0x20 ../../iSense/lib/pacemate/iSenseLibraryPacemate.a(uart.o)
                0x00006300                isense::Uart::set_interrupt_handler(isense::InterruptHandler*)
 .text._ZN6isense4Uart17set_uint8_handlerEPNS_16Uint8DataHandlerE
                0x00006320       0x3c ../../iSense/lib/pacemate/iSenseLibraryPacemate.a(uart.o)
                0x00006320                isense::Uart::set_uint8_handler(isense::Uint8DataHandler*)
 .text._ZN6isense4Uart18set_packet_handlerEhPNS_17UartPacketHandlerE
                0x0000635c       0x38 ../../iSense/lib/pacemate/iSenseLibraryPacemate.a(uart.o)
                0x0000635c                isense::Uart::set_packet_handler(unsigned char, isense::UartPacketHandler*)
 .text._ZN6isense4Uart13handle_packetEhPhh
                0x00006394       0x34 ../../iSense/lib/pacemate/iSenseLibraryPacemate.a(uart.o)
                0x00006394                isense::Uart::handle_packet(unsigned char, unsigned char*, unsigned char)
 .text._ZN6isense4Uart12process_byteEh
                0x000063c8      0x114 ../../iSense/lib/pacemate/iSenseLibraryPacemate.a(uart.o)
                0x000063c8                isense::Uart::process_byte(unsigned char)
 .text.default_disable_interrupts
                0x000064dc        0x8 ../../iSense/lib/pacemate/iSenseLibraryPacemate.a(default_disable_restore_interrupts.o)
                0x000064dc                default_disable_interrupts
 .text.default_restore_interrupts
                0x000064e4        0x4 ../../iSense/lib/pacemate/iSenseLibraryPacemate.a(default_disable_restore_interrupts.o)
                0x000064e4                default_restore_interrupts
 .text._ZN6isense27PseudoRandomNumberGenerator5srandEm
                0x000064e8        0x8 ../../iSense/lib/pacemate/iSenseLibraryPacemate.a(pseudo_random_number_generator.o)
                0x000064e8                isense::PseudoRandomNumberGenerator::srand(unsigned long)
 .text._ZN6isense27PseudoRandomNumberGenerator4randEm
                0x000064f0       0x2c ../../iSense/lib/pacemate/iSenseLibraryPacemate.a(pseudo_random_number_generator.o)
                0x000064f0                isense::PseudoRandomNumberGenerator::rand(unsigned long)
 .text._ZN12SimpleMemoryC2Ev
                0x0000651c       0x38 ../../iSense/lib/pacemate/iSenseLibraryPacemate.a(simple_memory.o)
                0x0000651c                SimpleMemory::SimpleMemory()
 .text._ZN12SimpleMemoryC1Ev
                0x00006554       0x38 ../../iSense/lib/pacemate/iSenseLibraryPacemate.a(simple_memory.o)
                0x00006554                SimpleMemory::SimpleMemory()
 .text._ZN12SimpleMemory6mallocEm
                0x0000658c      0x1d0 ../../iSense/lib/pacemate/iSenseLibraryPacemate.a(simple_memory.o)
                0x0000658c                SimpleMemory::malloc(unsigned long)
 .text._ZN12SimpleMemory4freeEPv
                0x0000675c       0xfc ../../iSense/lib/pacemate/iSenseLibraryPacemate.a(simple_memory.o)
                0x0000675c                SimpleMemory::free(void*)
 .text._ZN12SimpleMemory7mem_topEv
                0x00006858       0x10 ../../iSense/lib/pacemate/iSenseLibraryPacemate.a(simple_memory.o)
                0x00006858                SimpleMemory::mem_top()
 .text._ZN12SimpleMemory9mem_startEv
                0x00006868        0x8 ../../iSense/lib/pacemate/iSenseLibraryPacemate.a(simple_memory.o)
                0x00006868                SimpleMemory::mem_start()
 .text._ZN12SimpleMemory8mem_usedEv
                0x00006870        0x8 ../../iSense/lib/pacemate/iSenseLibraryPacemate.a(simple_memory.o)
                0x00006870                SimpleMemory::mem_used()
 .text._ZN12SimpleMemory8max_usedEv
                0x00006878        0x8 ../../iSense/lib/pacemate/iSenseLibraryPacemate.a(simple_memory.o)
                0x00006878                SimpleMemory::max_used()
 .text._ZN12SimpleMemory10malloc_cntEv
                0x00006880        0x8 ../../iSense/lib/pacemate/iSenseLibraryPacemate.a(simple_memory.o)
                0x00006880                SimpleMemory::malloc_cnt()
 .text._ZN12SimpleMemory8free_cntEv
                0x00006888        0x8 ../../iSense/lib/pacemate/iSenseLibraryPacemate.a(simple_memory.o)
                0x00006888                SimpleMemory::free_cnt()
 .text._ZN12SimpleMemory8mem_freeEv
                0x00006890       0x78 ../../iSense/lib/pacemate/iSenseLibraryPacemate.a(simple_memory.o)
                0x00006890                SimpleMemory::mem_free()
 .text._ZN12SimpleMemory18largest_free_blockEv
                0x00006908       0x7c ../../iSense/lib/pacemate/iSenseLibraryPacemate.a(simple_memory.o)
                0x00006908                SimpleMemory::largest_free_block()
 .text._ZN6isense17IShellInterpreter16send_buffer_dataEPNS_10BufferDataEtt
                0x00006984       0xc8 ../../iSense/lib/pacemate/iSenseLibraryPacemate.a(ishell_interpreter.o)
                0x00006984                isense::IShellInterpreter::send_buffer_data(isense::BufferData*, unsigned short, unsigned short)
 .text._ZN6isense17IShellInterpreter18handle_uart_packetEhPhh
                0x00006a4c       0x4c ../../iSense/lib/pacemate/iSenseLibraryPacemate.a(ishell_interpreter.o)
                0x00006a4c                isense::IShellInterpreter::handle_uart_packet(unsigned char, unsigned char*, unsigned char)
 .text._ZN6isense17IShellInterpreter20add_seraerial_filterEPNS_15SerAerialFilterE
                0x00006a98       0x28 ../../iSense/lib/pacemate/iSenseLibraryPacemate.a(ishell_interpreter.o)
                0x00006a98                isense::IShellInterpreter::add_seraerial_filter(isense::SerAerialFilter*)
 .text._ZN6isense17IShellInterpreter16enable_seraerialEv
                0x00006ac0       0xa4 ../../iSense/lib/pacemate/iSenseLibraryPacemate.a(ishell_interpreter.o)
                0x00006ac0                isense::IShellInterpreter::enable_seraerial()
 .text._ZN6isense17IShellInterpreter17disable_seraerialEv
                0x00006b64       0x7c ../../iSense/lib/pacemate/iSenseLibraryPacemate.a(ishell_interpreter.o)
                0x00006b64                isense::IShellInterpreter::disable_seraerial()
 .text._ZN6isense17IShellInterpreter7receiveEhPKhtttthhNS_4TimeE
                0x00006be0      0x194 ../../iSense/lib/pacemate/iSenseLibraryPacemate.a(ishell_interpreter.o)
                0x00006be0                isense::IShellInterpreter::receive(unsigned char, unsigned char const*, unsigned short, unsigned short, unsigned short, unsigned short, unsigned char, unsigned char, isense::Time)
 .text._ZN6isense17IShellInterpreter7confirmEhhNS_4TimeE
                0x00006d74       0x34 ../../iSense/lib/pacemate/iSenseLibraryPacemate.a(ishell_interpreter.o)
                0x00006d74                isense::IShellInterpreter::confirm(unsigned char, unsigned char, isense::Time)
 .text._ZN6isense17IShellInterpreter17process_uart_dataEhhPh
                0x00006da8      0x2b4 ../../iSense/lib/pacemate/iSenseLibraryPacemate.a(ishell_interpreter.o)
                0x00006da8                isense::IShellInterpreter::process_uart_data(unsigned char, unsigned char, unsigned char*)
 .text._ZN6isense17IShellInterpreter7executeEPv
                0x0000705c       0x7c ../../iSense/lib/pacemate/iSenseLibraryPacemate.a(ishell_interpreter.o)
                0x0000705c                isense::IShellInterpreter::execute(void*)
 .text._ZN6isense17IShellInterpreter20get_time_from_ishellEPNS_11TimeHandlerE
                0x000070d8       0xd0 ../../iSense/lib/pacemate/iSenseLibraryPacemate.a(ishell_interpreter.o)
                0x000070d8                isense::IShellInterpreter::get_time_from_ishell(isense::TimeHandler*)
 .text.__cxa_guard_acquire
                0x000071a8       0x10 ../../iSense/lib/pacemate/iSenseLibraryPacemate.a(cxa_pure_virtual.o)
                0x000071a8                __cxa_guard_acquire
 .text.__cxa_guard_release
                0x000071b8        0xc ../../iSense/lib/pacemate/iSenseLibraryPacemate.a(cxa_pure_virtual.o)
                0x000071b8                __cxa_guard_release
 .text.__cxa_guard_abort
                0x000071c4        0x4 ../../iSense/lib/pacemate/iSenseLibraryPacemate.a(cxa_pure_virtual.o)
                0x000071c4                __cxa_guard_abort
 .text.__cxa_pure_virtual
                0x000071c8        0x4 ../../iSense/lib/pacemate/iSenseLibraryPacemate.a(cxa_pure_virtual.o)
                0x000071c8                __cxa_pure_virtual
 .text.memmove  0x000071cc       0x5c ../../iSense/lib/pacemate/iSenseLibraryPacemate.a(memmove.o)
                0x000071cc                memmove
 .text.snprintf
                0x00007228       0x30 ../../iSense/lib/pacemate/iSenseLibraryPacemate.a(snprintf.o)
                0x00007228                snprintf
 .text.vsnprintf
                0x00007258      0x2d0 ../../iSense/lib/pacemate/iSenseLibraryPacemate.a(vsnprintf.o)
                0x00007258                vsnprintf
 .text._ZN6isense14PacemateModule18add_button_handlerEPNS_13ButtonHandlerE
                0x00007528       0x28 ../../iSense/lib/pacemate/iSenseLibraryPacemate.a(pacemate_module.o)
                0x00007528                isense::PacemateModule::add_button_handler(isense::ButtonHandler*)
 .text._ZN6isense14PacemateModule21add_heartrate_handlerEPNS_20PacemateEventHandlerE
                0x00007550       0x28 ../../iSense/lib/pacemate/iSenseLibraryPacemate.a(pacemate_module.o)
                0x00007550                isense::PacemateModule::add_heartrate_handler(isense::PacemateEventHandler*)
 .text._ZN6isense14PacemateModuleC2ERNS_2OsE
                0x00007578       0x40 ../../iSense/lib/pacemate/iSenseLibraryPacemate.a(pacemate_module.o)
                0x00007578                isense::PacemateModule::PacemateModule(isense::Os&)
 .text._ZN6isense14PacemateModuleC1ERNS_2OsE
                0x000075b8       0x40 ../../iSense/lib/pacemate/iSenseLibraryPacemate.a(pacemate_module.o)
                0x000075b8                isense::PacemateModule::PacemateModule(isense::Os&)
 .text._ZN6isense14PacemateModule4initEv
                0x000075f8       0x54 ../../iSense/lib/pacemate/iSenseLibraryPacemate.a(pacemate_module.o)
                0x000075f8                isense::PacemateModule::init()
 .text._ZN6isense14PacemateModule22distribute_button_downEh
                0x0000764c       0x44 ../../iSense/lib/pacemate/iSenseLibraryPacemate.a(pacemate_module.o)
                0x0000764c                isense::PacemateModule::distribute_button_down(unsigned char)
 .text._ZN6isense14PacemateModule20distribute_button_upEh
                0x00007690       0x44 ../../iSense/lib/pacemate/iSenseLibraryPacemate.a(pacemate_module.o)
                0x00007690                isense::PacemateModule::distribute_button_up(unsigned char)
 .text._ZN6isense14PacemateModule19distribute_hr_eventE8pm_Event
                0x000076d4       0x48 ../../iSense/lib/pacemate/iSenseLibraryPacemate.a(pacemate_module.o)
                0x000076d4                isense::PacemateModule::distribute_hr_event(pm_Event)
 .text._ZN6isense14PacemateModule21handle_pacemate_eventE8pm_Event
                0x0000771c       0x64 ../../iSense/lib/pacemate/iSenseLibraryPacemate.a(pacemate_module.o)
                0x0000771c                isense::PacemateModule::handle_pacemate_event(pm_Event)
 .text._ZN6isense14PacemateModule11get_displayEv
                0x00007780        0x8 ../../iSense/lib/pacemate/iSenseLibraryPacemate.a(pacemate_module.o)
                0x00007780                isense::PacemateModule::get_display()
 .text._ZN6isense14PacemateModule12display_textEhhPa
                0x00007788       0x20 ../../iSense/lib/pacemate/iSenseLibraryPacemate.a(pacemate_module.o)
                0x00007788                isense::PacemateModule::display_text(unsigned char, unsigned char, signed char*)
 .text._ZN6isense14PacemateModule8set_fontE7pm_Font
                0x000077a8        0x8 ../../iSense/lib/pacemate/iSenseLibraryPacemate.a(pacemate_module.o)
                0x000077a8                isense::PacemateModule::set_font(pm_Font)
 .text._ZN6isense14PacemateModule4fontEv
                0x000077b0        0x4 ../../iSense/lib/pacemate/iSenseLibraryPacemate.a(pacemate_module.o)
                0x000077b0                isense::PacemateModule::font()
 .text._ZN6isense14PacemateModule13set_invertingEb
                0x000077b4        0xc ../../iSense/lib/pacemate/iSenseLibraryPacemate.a(pacemate_module.o)
                0x000077b4                isense::PacemateModule::set_inverting(bool)
 .text._ZN6isense14PacemateModule9invertingEv
                0x000077c0       0x14 ../../iSense/lib/pacemate/iSenseLibraryPacemate.a(pacemate_module.o)
                0x000077c0                isense::PacemateModule::inverting()
 .text._ZN6isense14PacemateModule14calc_text_areaEPaPhS2_
                0x000077d4       0x10 ../../iSense/lib/pacemate/iSenseLibraryPacemate.a(pacemate_module.o)
                0x000077d4                isense::PacemateModule::calc_text_area(signed char*, unsigned char*, unsigned char*)
 .text._ZN6isense14PacemateModule12clear_screenEv
                0x000077e4        0x4 ../../iSense/lib/pacemate/iSenseLibraryPacemate.a(pacemate_module.o)
                0x000077e4                isense::PacemateModule::clear_screen()
 .text._ZN6isense14PacemateModule14update_displayEv
                0x000077e8        0x4 ../../iSense/lib/pacemate/iSenseLibraryPacemate.a(pacemate_module.o)
                0x000077e8                isense::PacemateModule::update_display()
 .text._ZN6isense14PacemateModule14display_bitmapEhhPh
                0x000077ec       0x18 ../../iSense/lib/pacemate/iSenseLibraryPacemate.a(pacemate_module.o)
                0x000077ec                isense::PacemateModule::display_bitmap(unsigned char, unsigned char, unsigned char*)
 .text._ZN6isense14PacemateModule13display_pixelEhhb
                0x00007804       0x1c ../../iSense/lib/pacemate/iSenseLibraryPacemate.a(pacemate_module.o)
                0x00007804                isense::PacemateModule::display_pixel(unsigned char, unsigned char, bool)
 .text._ZN6isense14PacemateModule17display_rectangleEhhhhb
                0x00007820       0x34 ../../iSense/lib/pacemate/iSenseLibraryPacemate.a(pacemate_module.o)
                0x00007820                isense::PacemateModule::display_rectangle(unsigned char, unsigned char, unsigned char, unsigned char, bool)
 .text._ZN6isense14PacemateModule5writeEhhPKcz
                0x00007854       0x6c ../../iSense/lib/pacemate/iSenseLibraryPacemate.a(pacemate_module.o)
                0x00007854                isense::PacemateModule::write(unsigned char, unsigned char, char const*, ...)
 .text._ZN6isense14PacemateModule6led_onEv
                0x000078c0        0x4 ../../iSense/lib/pacemate/iSenseLibraryPacemate.a(pacemate_module.o)
                0x000078c0                isense::PacemateModule::led_on()
 .text._ZN6isense14PacemateModule7led_offEv
                0x000078c4        0x4 ../../iSense/lib/pacemate/iSenseLibraryPacemate.a(pacemate_module.o)
                0x000078c4                isense::PacemateModule::led_off()
 .text._ZN6isense14PacemateModule4beepEht
                0x000078c8       0x14 ../../iSense/lib/pacemate/iSenseLibraryPacemate.a(pacemate_module.o)
                0x000078c8                isense::PacemateModule::beep(unsigned char, unsigned short)
 .text._ZN6isense14PacemateModule8hr_validEv
                0x000078dc       0x14 ../../iSense/lib/pacemate/iSenseLibraryPacemate.a(pacemate_module.o)
                0x000078dc                isense::PacemateModule::hr_valid()
 .text._ZN6isense14PacemateModule8reset_hrEv
                0x000078f0        0x4 ../../iSense/lib/pacemate/iSenseLibraryPacemate.a(pacemate_module.o)
                0x000078f0                isense::PacemateModule::reset_hr()
 .text._ZN6isense14PacemateModule9heartrateEv
                0x000078f4        0xc ../../iSense/lib/pacemate/iSenseLibraryPacemate.a(pacemate_module.o)
                0x000078f4                isense::PacemateModule::heartrate()
 .text._ZN6isense14PacemateModule11hr_intervalEv
                0x00007900        0xc ../../iSense/lib/pacemate/iSenseLibraryPacemate.a(pacemate_module.o)
                0x00007900                isense::PacemateModule::hr_interval()
 .text._ZN6isense14PacemateModule12getAccuStateEv
                0x0000790c        0xc ../../iSense/lib/pacemate/iSenseLibraryPacemate.a(pacemate_module.o)
                0x0000790c                isense::PacemateModule::getAccuState()
 .text._ZN6isense14PacemateModule8getSysIdEv
                0x00007918        0xc ../../iSense/lib/pacemate/iSenseLibraryPacemate.a(pacemate_module.o)
                0x00007918                isense::PacemateModule::getSysId()
 .text._ZN6isense14PacemateModule6rebootEv
                0x00007924        0x4 ../../iSense/lib/pacemate/iSenseLibraryPacemate.a(pacemate_module.o)
                0x00007924                isense::PacemateModule::reboot()
 .text.ACCU_Boot
                0x00007928       0x8c ../../iSense/lib/pacemate/iSenseLibraryPacemate.a(Accu.o)
                0x00007928                ACCU_Boot
 .text.ACCU_GetState
                0x000079b4       0xc0 ../../iSense/lib/pacemate/iSenseLibraryPacemate.a(Accu.o)
                0x000079b4                ACCU_GetState
 .text.ACCU_GetADCValue
                0x00007a74       0x10 ../../iSense/lib/pacemate/iSenseLibraryPacemate.a(Accu.o)
                0x00007a74                ACCU_GetADCValue
 .text.Accu_Loop
                0x00007a84       0xe0 ../../iSense/lib/pacemate/iSenseLibraryPacemate.a(Accu.o)
                0x00007a84                Accu_Loop
 .text.Display_ClearScreen
                0x00007b64       0x40 ../../iSense/lib/pacemate/iSenseLibraryPacemate.a(Display.o)
                0x00007b64                Display_ClearScreen
 .text.Display_Bmp
                0x00007ba4      0x124 ../../iSense/lib/pacemate/iSenseLibraryPacemate.a(Display.o)
                0x00007ba4                Display_Bmp
 .text.Display_Text
                0x00007cc8      0x108 ../../iSense/lib/pacemate/iSenseLibraryPacemate.a(Display.o)
                0x00007cc8                Display_Text
 .text.Display_SetFont
                0x00007dd0       0x10 ../../iSense/lib/pacemate/iSenseLibraryPacemate.a(Display.o)
                0x00007dd0                Display_SetFont
 .text.Display_GetFont
                0x00007de0       0x10 ../../iSense/lib/pacemate/iSenseLibraryPacemate.a(Display.o)
                0x00007de0                Display_GetFont
 .text.Display_SetInverting
                0x00007df0       0x10 ../../iSense/lib/pacemate/iSenseLibraryPacemate.a(Display.o)
                0x00007df0                Display_SetInverting
 .text.Display_GetInverting
                0x00007e00       0x10 ../../iSense/lib/pacemate/iSenseLibraryPacemate.a(Display.o)
                0x00007e00                Display_GetInverting
 .text.Display_Pixel
                0x00007e10       0x70 ../../iSense/lib/pacemate/iSenseLibraryPacemate.a(Display.o)
                0x00007e10                Display_Pixel
 .text.Display_ClearScreenPart
                0x00007e80       0x5c ../../iSense/lib/pacemate/iSenseLibraryPacemate.a(Display.o)
                0x00007e80                Display_ClearScreenPart
 .text.Display_Rectangle
                0x00007edc       0xcc ../../iSense/lib/pacemate/iSenseLibraryPacemate.a(Display.o)
                0x00007edc                Display_Rectangle
 .text.Display_Bitmap
                0x00007fa8       0x38 ../../iSense/lib/pacemate/iSenseLibraryPacemate.a(Display.o)
                0x00007fa8                Display_Bitmap
 .text.Display_Calc
                0x00007fe0       0xb4 ../../iSense/lib/pacemate/iSenseLibraryPacemate.a(Display.o)
                0x00007fe0                Display_Calc
 .text.Wir      0x00008094       0x58 ../../iSense/lib/pacemate/iSenseLibraryPacemate.a(Display.o)
 .text.Display_PartUpdate
                0x000080ec       0xc4 ../../iSense/lib/pacemate/iSenseLibraryPacemate.a(Display.o)
                0x000080ec                Display_PartUpdate
 .text.Display_Update
                0x000081b0        0xc ../../iSense/lib/pacemate/iSenseLibraryPacemate.a(Display.o)
                0x000081b0                Display_Update
 .text.Display_Boot
                0x000081bc      0x154 ../../iSense/lib/pacemate/iSenseLibraryPacemate.a(Display.o)
                0x000081bc                Display_Boot
 .text.HR_Reset
                0x00008310      0x15c ../../iSense/lib/pacemate/iSenseLibraryPacemate.a(HR.o)
                0x00008310                HR_Reset
 .text.HR_Boot  0x0000846c       0x98 ../../iSense/lib/pacemate/iSenseLibraryPacemate.a(HR.o)
                0x0000846c                HR_Boot
 .text.HR_GetTime
                0x00008504       0x10 ../../iSense/lib/pacemate/iSenseLibraryPacemate.a(HR.o)
                0x00008504                HR_GetTime
 .text.HR_GetHeartrate
                0x00008514       0x10 ../../iSense/lib/pacemate/iSenseLibraryPacemate.a(HR.o)
                0x00008514                HR_GetHeartrate
 .text.HR_HfOK  0x00008524       0x10 ../../iSense/lib/pacemate/iSenseLibraryPacemate.a(HR.o)
                0x00008524                HR_HfOK
 .text.HR_Poll  0x00008534      0x41c ../../iSense/lib/pacemate/iSenseLibraryPacemate.a(HR.o)
                0x00008534                HR_Poll
 .text.Led_Off  0x00008950       0x18 ../../iSense/lib/pacemate/iSenseLibraryPacemate.a(Led.o)
                0x00008950                Led_Off
 .text.Led_On   0x00008968       0x18 ../../iSense/lib/pacemate/iSenseLibraryPacemate.a(Led.o)
                0x00008968                Led_On
 .text.Led_Boot
                0x00008980       0x4c ../../iSense/lib/pacemate/iSenseLibraryPacemate.a(Led.o)
                0x00008980                Led_Boot
 .text.Led_Flash
                0x000089cc       0x3c ../../iSense/lib/pacemate/iSenseLibraryPacemate.a(Led.o)
                0x000089cc                Led_Flash
 .text.Led_Toggle
                0x00008a08       0x44 ../../iSense/lib/pacemate/iSenseLibraryPacemate.a(Led.o)
                0x00008a08                Led_Toggle
 .text.Led_Loop
                0x00008a4c       0x4c ../../iSense/lib/pacemate/iSenseLibraryPacemate.a(Led.o)
                0x00008a4c                Led_Loop
 .text.SYS_Boot
                0x00008a98       0x5c ../../iSense/lib/pacemate/iSenseLibraryPacemate.a(Sys.o)
                0x00008a98                SYS_Boot
 .text.SYS_Reset
                0x00008af4       0x18 ../../iSense/lib/pacemate/iSenseLibraryPacemate.a(Sys.o)
                0x00008af4                SYS_Reset
 .text.SYS_Random
                0x00008b0c       0x70 ../../iSense/lib/pacemate/iSenseLibraryPacemate.a(Sys.o)
                0x00008b0c                SYS_Random
 .text.SYS_Shutdown
                0x00008b7c       0x18 ../../iSense/lib/pacemate/iSenseLibraryPacemate.a(Sys.o)
                0x00008b7c                SYS_Shutdown
 .text.SYS_GetId
                0x00008b94       0x1c ../../iSense/lib/pacemate/iSenseLibraryPacemate.a(Sys.o)
                0x00008b94                SYS_GetId
 .text.SYS_WakeUp
                0x00008bb0       0x14 ../../iSense/lib/pacemate/iSenseLibraryPacemate.a(Sys.o)
                0x00008bb0                SYS_WakeUp
 .text.SYS_TriggerWatchDog
                0x00008bc4       0x24 ../../iSense/lib/pacemate/iSenseLibraryPacemate.a(Sys.o)
                0x00008bc4                SYS_TriggerWatchDog
 .text.SYS_EnableWatchDog
                0x00008be8       0x2c ../../iSense/lib/pacemate/iSenseLibraryPacemate.a(Sys.o)
                0x00008be8                SYS_EnableWatchDog
 .text.SYS_BootloaderRequest
                0x00008c14       0x14 ../../iSense/lib/pacemate/iSenseLibraryPacemate.a(Sys.o)
                0x00008c14                SYS_BootloaderRequest
 .text.SYS_Crc  0x00008c28       0x3c ../../iSense/lib/pacemate/iSenseLibraryPacemate.a(Sys.o)
                0x00008c28                SYS_Crc
 .text.callIAP  0x00008c64       0x14 ../../iSense/lib/pacemate/iSenseLibraryPacemate.a(Sys.o)
 .text.SYS_StartBootloader
                0x00008c78       0xa4 ../../iSense/lib/pacemate/iSenseLibraryPacemate.a(Sys.o)
                0x00008c78                SYS_StartBootloader
 .text.SYS_Loop
                0x00008d1c       0x18 ../../iSense/lib/pacemate/iSenseLibraryPacemate.a(Sys.o)
                0x00008d1c                SYS_Loop
 .text.SYS_Sleep
                0x00008d34       0x58 ../../iSense/lib/pacemate/iSenseLibraryPacemate.a(Sys.o)
                0x00008d34                SYS_Sleep
 .text.Timer1_Boot
                0x00008d8c       0x34 ../../iSense/lib/pacemate/iSenseLibraryPacemate.a(Timer1.o)
                0x00008d8c                Timer1_Boot
 .text.Timer1_Start
                0x00008dc0       0x28 ../../iSense/lib/pacemate/iSenseLibraryPacemate.a(Timer1.o)
                0x00008dc0                Timer1_Start
 .text.Timer1_IsExpired
                0x00008de8       0x38 ../../iSense/lib/pacemate/iSenseLibraryPacemate.a(Timer1.o)
                0x00008de8                Timer1_IsExpired
 .text.Timer1_Wait
                0x00008e20       0x44 ../../iSense/lib/pacemate/iSenseLibraryPacemate.a(Timer1.o)
                0x00008e20                Timer1_Wait
 .text.bootSound
                0x00008e64       0x30 ../../iSense/lib/pacemate/iSenseLibraryPacemate.a(Debug.o)
                0x00008e64                bootSound
 .text.bootRS232
                0x00008e94       0xc4 ../../iSense/lib/pacemate/iSenseLibraryPacemate.a(Debug.o)
                0x00008e94                bootRS232
 .text.Debug_Boot
                0x00008f58       0x38 ../../iSense/lib/pacemate/iSenseLibraryPacemate.a(Debug.o)
                0x00008f58                Debug_Boot
 .text.Debug_Sound
                0x00008f90       0x1c ../../iSense/lib/pacemate/iSenseLibraryPacemate.a(Debug.o)
                0x00008f90                Debug_Sound
 .text.Debug_RS232_Read
                0x00008fac      0x124 ../../iSense/lib/pacemate/iSenseLibraryPacemate.a(Debug.o)
                0x00008fac                Debug_RS232_Read
 .text.Debug_RS232_Write
                0x000090d0       0xf8 ../../iSense/lib/pacemate/iSenseLibraryPacemate.a(Debug.o)
                0x000090d0                Debug_RS232_Write
 .text.Debug_Poll
                0x000091c8      0x1b8 ../../iSense/lib/pacemate/iSenseLibraryPacemate.a(Debug.o)
                0x000091c8                Debug_Poll
 .text.Debug_RS232_TXBufferSpace
                0x00009380       0x50 ../../iSense/lib/pacemate/iSenseLibraryPacemate.a(Debug.o)
                0x00009380                Debug_RS232_TXBufferSpace
 .text.min      0x000093d0        0xc ../../iSense/lib/pacemate/iSenseLibraryPacemate.a(min.o)
                0x000093d0                min
 .text.sprint_number
                0x000093dc       0x98 ../../iSense/lib/pacemate/iSenseLibraryPacemate.a(sprint_number.o)
                0x000093dc                sprint_number
 .text.pacemate_restore_interrupts
                0x00009474        0x4 ../../iSense/lib/pacemate/iSenseLibraryPacemate.a(pacemate_boot.o)
                0x00009474                pacemate_restore_interrupts
 .text.pacemate_disable_interrupts
                0x00009478        0x8 ../../iSense/lib/pacemate/iSenseLibraryPacemate.a(pacemate_boot.o)
                0x00009478                pacemate_disable_interrupts
 .text.main     0x00009480      0x19c ../../iSense/lib/pacemate/iSenseLibraryPacemate.a(pacemate_boot.o)
                0x00009480                main
 .text._Z41__static_initialization_and_destruction_0ii
                0x0000961c       0x20 ../../iSense/lib/pacemate/iSenseLibraryPacemate.a(pacemate_boot.o)
 .text._GLOBAL__I_pacemate_restore_interrupts
                0x0000963c       0x10 ../../iSense/lib/pacemate/iSenseLibraryPacemate.a(pacemate_boot.o)
 .text._ZN6isense10PacemateOsD2Ev
                0x0000964c       0x50 ../../iSense/lib/pacemate/iSenseLibraryPacemate.a(pacemate_os.o)
                0x0000964c                isense::PacemateOs::~PacemateOs()
 .text._ZN6isense10PacemateOsD1Ev
                0x0000969c       0x50 ../../iSense/lib/pacemate/iSenseLibraryPacemate.a(pacemate_os.o)
                0x0000969c                isense::PacemateOs::~PacemateOs()
 .text._ZN6isense10PacemateOsD0Ev
                0x000096ec       0x58 ../../iSense/lib/pacemate/iSenseLibraryPacemate.a(pacemate_os.o)
                0x000096ec                isense::PacemateOs::~PacemateOs()
 .text._ZN6isense10PacemateOs16power_managementEv
                0x00009744        0x8 ../../iSense/lib/pacemate/iSenseLibraryPacemate.a(pacemate_os.o)
                0x00009744                isense::PacemateOs::power_management()
 .text._ZN6isense10PacemateOs25pacemate_event_managementEv
                0x0000974c        0x8 ../../iSense/lib/pacemate/iSenseLibraryPacemate.a(pacemate_os.o)
                0x0000974c                isense::PacemateOs::pacemate_event_management()
 .text._ZN6isense10PacemateOs4gpioEv
                0x00009754       0x40 ../../iSense/lib/pacemate/iSenseLibraryPacemate.a(pacemate_os.o)
                0x00009754                isense::PacemateOs::gpio()
 .text._ZN6isense10PacemateOs5radioEv
                0x00009794        0x8 ../../iSense/lib/pacemate/iSenseLibraryPacemate.a(pacemate_os.o)
                0x00009794                isense::PacemateOs::radio()
 .text._ZN6isense10PacemateOs5timerEh
                0x0000979c       0x54 ../../iSense/lib/pacemate/iSenseLibraryPacemate.a(pacemate_os.o)
                0x0000979c                isense::PacemateOs::timer(unsigned char)
 .text._ZN6isense10PacemateOs3i2cEv
                0x000097f0       0x44 ../../iSense/lib/pacemate/iSenseLibraryPacemate.a(pacemate_os.o)
                0x000097f0                isense::PacemateOs::i2c()
 .text._ZN6isense10PacemateOs4uartEh
                0x00009834       0x54 ../../iSense/lib/pacemate/iSenseLibraryPacemate.a(pacemate_os.o)
                0x00009834                isense::PacemateOs::uart(unsigned char)
 .text._ZN6isense10PacemateOs15pacemate_moduleEv
                0x00009888       0x3c ../../iSense/lib/pacemate/iSenseLibraryPacemate.a(pacemate_os.o)
                0x00009888                isense::PacemateOs::pacemate_module()
 .text._ZN6isense10PacemateOs4initEv
                0x000098c4       0xf8 ../../iSense/lib/pacemate/iSenseLibraryPacemate.a(pacemate_os.o)
                0x000098c4                isense::PacemateOs::init()
 .text._ZN6isense10PacemateOs2idEv
                0x000099bc        0xc ../../iSense/lib/pacemate/iSenseLibraryPacemate.a(pacemate_os.o)
                0x000099bc                isense::PacemateOs::id()
 .text._ZN6isense10PacemateOs2osEv
                0x000099c8       0x10 ../../iSense/lib/pacemate/iSenseLibraryPacemate.a(pacemate_os.o)
                0x000099c8                isense::PacemateOs::os()
 .text._ZN6isense10PacemateOs10os_pointerEv
                0x000099d8       0x10 ../../iSense/lib/pacemate/iSenseLibraryPacemate.a(pacemate_os.o)
                0x000099d8                isense::PacemateOs::os_pointer()
 .text._ZN6isense10PacemateOs18controller_voltageEv
                0x000099e8       0x1c ../../iSense/lib/pacemate/iSenseLibraryPacemate.a(pacemate_os.o)
                0x000099e8                isense::PacemateOs::controller_voltage()
 .text._ZN6isense10PacemateOs9busy_waitEt
                0x00009a04        0x4 ../../iSense/lib/pacemate/iSenseLibraryPacemate.a(pacemate_os.o)
                0x00009a04                isense::PacemateOs::busy_wait(unsigned short)
 .text._ZN6isense10PacemateOsC1Ev
                0x00009a08       0xe8 ../../iSense/lib/pacemate/iSenseLibraryPacemate.a(pacemate_os.o)
                0x00009a08                isense::PacemateOs::PacemateOs()
 .text._ZN6isense10PacemateOsC2Ev
                0x00009af0       0xe8 ../../iSense/lib/pacemate/iSenseLibraryPacemate.a(pacemate_os.o)
                0x00009af0                isense::PacemateOs::PacemateOs()
 .text._ZN6isense13PacemateRadioD2Ev
                0x00009bd8       0x58 ../../iSense/lib/pacemate/iSenseLibraryPacemate.a(pacemate_radio.o)
                0x00009bd8                isense::PacemateRadio::~PacemateRadio()
 .text._ZN6isense13PacemateRadioD1Ev
                0x00009c30       0x58 ../../iSense/lib/pacemate/iSenseLibraryPacemate.a(pacemate_radio.o)
                0x00009c30                isense::PacemateRadio::~PacemateRadio()
 .text._ZN6isense13PacemateRadioD0Ev
                0x00009c88       0x6c ../../iSense/lib/pacemate/iSenseLibraryPacemate.a(pacemate_radio.o)
                0x00009c88                isense::PacemateRadio::~PacemateRadio()
 .text._ZN6isense13PacemateRadio7hw_initEv
                0x00009cf4       0x20 ../../iSense/lib/pacemate/iSenseLibraryPacemate.a(pacemate_radio.o)
                0x00009cf4                isense::PacemateRadio::hw_init()
 .text._ZN6isense13PacemateRadio9set_powerEi
                0x00009d14       0x54 ../../iSense/lib/pacemate/iSenseLibraryPacemate.a(pacemate_radio.o)
                0x00009d14                isense::PacemateRadio::set_power(int)
 .text._ZN6isense13PacemateRadio5powerEv
                0x00009d68        0x8 ../../iSense/lib/pacemate/iSenseLibraryPacemate.a(pacemate_radio.o)
                0x00009d68                isense::PacemateRadio::power()
 .text._ZN6isense13PacemateRadio11set_channelEt
                0x00009d70       0x10 ../../iSense/lib/pacemate/iSenseLibraryPacemate.a(pacemate_radio.o)
                0x00009d70                isense::PacemateRadio::set_channel(unsigned short)
 .text._ZN6isense13PacemateRadio7channelEv
                0x00009d80        0x8 ../../iSense/lib/pacemate/iSenseLibraryPacemate.a(pacemate_radio.o)
                0x00009d80                isense::PacemateRadio::channel()
 .text._ZN6isense13PacemateRadio9hw_enableEv
                0x00009d88        0xc ../../iSense/lib/pacemate/iSenseLibraryPacemate.a(pacemate_radio.o)
                0x00009d88                isense::PacemateRadio::hw_enable()
 .text._ZN6isense13PacemateRadio10hw_disableEv
                0x00009d94        0xc ../../iSense/lib/pacemate/iSenseLibraryPacemate.a(pacemate_radio.o)
                0x00009d94                isense::PacemateRadio::hw_disable()
 .text._ZN6isense13PacemateRadio8send_ackEth
                0x00009da0       0x64 ../../iSense/lib/pacemate/iSenseLibraryPacemate.a(pacemate_radio.o)
                0x00009da0                isense::PacemateRadio::send_ack(unsigned short, unsigned char)
 .text._ZN6isense13PacemateRadio15sequence_numberEv
                0x00009e04       0x24 ../../iSense/lib/pacemate/iSenseLibraryPacemate.a(pacemate_radio.o)
                0x00009e04                isense::PacemateRadio::sequence_number()
 .text._ZN6isense13PacemateRadio7hw_sendEthPKhhh
                0x00009e28       0xac ../../iSense/lib/pacemate/iSenseLibraryPacemate.a(pacemate_radio.o)
                0x00009e28                isense::PacemateRadio::hw_send(unsigned short, unsigned char, unsigned char const*, unsigned char, unsigned char)
 .text._ZN6isense13PacemateRadio20getNumberOfCRCErrorsEv
                0x00009ed4        0x8 ../../iSense/lib/pacemate/iSenseLibraryPacemate.a(pacemate_radio.o)
                0x00009ed4                isense::PacemateRadio::getNumberOfCRCErrors()
 .text._ZN6isense13PacemateRadio26getNumberOfReceivedPacketsEv
                0x00009edc        0x8 ../../iSense/lib/pacemate/iSenseLibraryPacemate.a(pacemate_radio.o)
                0x00009edc                isense::PacemateRadio::getNumberOfReceivedPackets()
 .text._ZN6isense13PacemateRadio15max_packet_sizeEv
                0x00009ee4        0x8 ../../iSense/lib/pacemate/iSenseLibraryPacemate.a(pacemate_radio.o)
                0x00009ee4                isense::PacemateRadio::max_packet_size()
 .text._ZN6isense13PacemateRadio7addressEv
                0x00009eec        0xc ../../iSense/lib/pacemate/iSenseLibraryPacemate.a(pacemate_radio.o)
                0x00009eec                isense::PacemateRadio::address()
 .text._ZN6isense13PacemateRadio7timeoutEPv
                0x00009ef8      0x134 ../../iSense/lib/pacemate/iSenseLibraryPacemate.a(pacemate_radio.o)
                0x00009ef8                isense::PacemateRadio::timeout(void*)
 .text._ZN6isense13PacemateRadioC1ERNS_2OsE
                0x0000a02c       0x8c ../../iSense/lib/pacemate/iSenseLibraryPacemate.a(pacemate_radio.o)
                0x0000a02c                isense::PacemateRadio::PacemateRadio(isense::Os&)
 .text._ZN6isense13PacemateRadioC2ERNS_2OsE
                0x0000a0b8       0x8c ../../iSense/lib/pacemate/iSenseLibraryPacemate.a(pacemate_radio.o)
                0x0000a0b8                isense::PacemateRadio::PacemateRadio(isense::Os&)
 .text._ZN6isense13PacemateRadio21handle_pacemate_eventE8pm_Event
                0x0000a144      0x4dc ../../iSense/lib/pacemate/iSenseLibraryPacemate.a(pacemate_radio.o)
                0x0000a144                isense::PacemateRadio::handle_pacemate_event(pm_Event)
 .text._ZN6isense23PacematePowerManagementC2Ev
                0x0000a620       0x34 ../../iSense/lib/pacemate/iSenseLibraryPacemate.a(pacemate_power_management.o)
                0x0000a620                isense::PacematePowerManagement::PacematePowerManagement()
 .text._ZN6isense23PacematePowerManagementC1Ev
                0x0000a654       0x34 ../../iSense/lib/pacemate/iSenseLibraryPacemate.a(pacemate_power_management.o)
                0x0000a654                isense::PacematePowerManagement::PacematePowerManagement()
 .text._ZN6isense23PacematePowerManagementD2Ev
                0x0000a688       0x10 ../../iSense/lib/pacemate/iSenseLibraryPacemate.a(pacemate_power_management.o)
                0x0000a688                isense::PacematePowerManagement::~PacematePowerManagement()
 .text._ZN6isense23PacematePowerManagementD1Ev
                0x0000a698       0x10 ../../iSense/lib/pacemate/iSenseLibraryPacemate.a(pacemate_power_management.o)
                0x0000a698                isense::PacematePowerManagement::~PacematePowerManagement()
 .text._ZN6isense23PacematePowerManagementD0Ev
                0x0000a6a8       0x30 ../../iSense/lib/pacemate/iSenseLibraryPacemate.a(pacemate_power_management.o)
                0x0000a6a8                isense::PacematePowerManagement::~PacematePowerManagement()
 .text._ZN6isense23PacematePowerManagement4initEv
                0x0000a6d8        0x4 ../../iSense/lib/pacemate/iSenseLibraryPacemate.a(pacemate_power_management.o)
                0x0000a6d8                isense::PacematePowerManagement::init()
 .text._ZN6isense23PacematePowerManagement5sleepEb
                0x0000a6dc       0x10 ../../iSense/lib/pacemate/iSenseLibraryPacemate.a(pacemate_power_management.o)
                0x0000a6dc                isense::PacematePowerManagement::sleep(bool)
 .text._ZN6isense23PacematePowerManagement4dozeEv
                0x0000a6ec        0x8 ../../iSense/lib/pacemate/iSenseLibraryPacemate.a(pacemate_power_management.o)
                0x0000a6ec                isense::PacematePowerManagement::doze()
 .text._ZN6isense23PacematePowerManagement5resetEv
                0x0000a6f4        0x4 ../../iSense/lib/pacemate/iSenseLibraryPacemate.a(pacemate_power_management.o)
                0x0000a6f4                isense::PacematePowerManagement::reset()
 .text._ZN6isense23PacematePowerManagement9terminateEv
                0x0000a6f8        0x4 ../../iSense/lib/pacemate/iSenseLibraryPacemate.a(pacemate_power_management.o)
                0x0000a6f8                isense::PacematePowerManagement::terminate()
 .text._ZN6isense23PacemateEventManagement12handle_eventE8pm_Event
                0x0000a6fc       0xe0 ../../iSense/lib/pacemate/iSenseLibraryPacemate.a(pacemate_event_management.o)
                0x0000a6fc                isense::PacemateEventManagement::handle_event(pm_Event)
 .text.EventCallback
                0x0000a7dc       0x20 ../../iSense/lib/pacemate/iSenseLibraryPacemate.a(pacemate_event_management.o)
                0x0000a7dc                EventCallback
 .text._ZN6isense23PacemateEventManagementC2Ev
                0x0000a7fc       0x50 ../../iSense/lib/pacemate/iSenseLibraryPacemate.a(pacemate_event_management.o)
                0x0000a7fc                isense::PacemateEventManagement::PacemateEventManagement()
 .text._ZN6isense23PacemateEventManagementC1Ev
                0x0000a84c       0x50 ../../iSense/lib/pacemate/iSenseLibraryPacemate.a(pacemate_event_management.o)
                0x0000a84c                isense::PacemateEventManagement::PacemateEventManagement()
 .text._ZN6isense23PacemateEventManagementD2Ev
                0x0000a89c       0x10 ../../iSense/lib/pacemate/iSenseLibraryPacemate.a(pacemate_event_management.o)
                0x0000a89c                isense::PacemateEventManagement::~PacemateEventManagement()
 .text._ZN6isense23PacemateEventManagementD1Ev
                0x0000a8ac       0x10 ../../iSense/lib/pacemate/iSenseLibraryPacemate.a(pacemate_event_management.o)
                0x0000a8ac                isense::PacemateEventManagement::~PacemateEventManagement()
 .text._ZN6isense23PacemateEventManagementD0Ev
                0x0000a8bc       0x10 ../../iSense/lib/pacemate/iSenseLibraryPacemate.a(pacemate_event_management.o)
                0x0000a8bc                isense::PacemateEventManagement::~PacemateEventManagement()
 .text._ZN6isense23PacemateEventManagement26set_pacemate_event_handlerEPNS_20PacemateEventHandlerEh
                0x0000a8cc       0x24 ../../iSense/lib/pacemate/iSenseLibraryPacemate.a(pacemate_event_management.o)
                0x0000a8cc                isense::PacemateEventManagement::set_pacemate_event_handler(isense::PacemateEventHandler*, unsigned char)
 .text._ZN6isense12PacemateGpioC2Ev
                0x0000a8f0       0x34 ../../iSense/lib/pacemate/iSenseLibraryPacemate.a(pacemate_gpio.o)
                0x0000a8f0                isense::PacemateGpio::PacemateGpio()
 .text._ZN6isense12PacemateGpioC1Ev
                0x0000a924       0x34 ../../iSense/lib/pacemate/iSenseLibraryPacemate.a(pacemate_gpio.o)
                0x0000a924                isense::PacemateGpio::PacemateGpio()
 .text._ZN6isense12PacemateGpioD2Ev
                0x0000a958       0x10 ../../iSense/lib/pacemate/iSenseLibraryPacemate.a(pacemate_gpio.o)
                0x0000a958                isense::PacemateGpio::~PacemateGpio()
 .text._ZN6isense12PacemateGpioD1Ev
                0x0000a968       0x10 ../../iSense/lib/pacemate/iSenseLibraryPacemate.a(pacemate_gpio.o)
                0x0000a968                isense::PacemateGpio::~PacemateGpio()
 .text._ZN6isense12PacemateGpioD0Ev
                0x0000a978       0x30 ../../iSense/lib/pacemate/iSenseLibraryPacemate.a(pacemate_gpio.o)
                0x0000a978                isense::PacemateGpio::~PacemateGpio()
 .text._ZN6isense12PacemateGpio4initEv
                0x0000a9a8        0x4 ../../iSense/lib/pacemate/iSenseLibraryPacemate.a(pacemate_gpio.o)
                0x0000a9a8                isense::PacemateGpio::init()
 .text._ZN6isense12PacemateGpio11set_handlerEPNS_16Uint8DataHandlerEh
                0x0000a9ac        0x8 ../../iSense/lib/pacemate/iSenseLibraryPacemate.a(pacemate_gpio.o)
                0x0000a9ac                isense::PacemateGpio::set_handler(isense::Uint8DataHandler*, unsigned char)
 .text._ZN6isense12PacemateGpio9set_inputEhb
                0x0000a9b4        0x4 ../../iSense/lib/pacemate/iSenseLibraryPacemate.a(pacemate_gpio.o)
                0x0000a9b4                isense::PacemateGpio::set_input(unsigned char, bool)
 .text._ZN6isense12PacemateGpio3setEhb
                0x0000a9b8        0x4 ../../iSense/lib/pacemate/iSenseLibraryPacemate.a(pacemate_gpio.o)
                0x0000a9b8                isense::PacemateGpio::set(unsigned char, bool)
 .text._ZN6isense12PacemateGpio16enable_interruptEhb
                0x0000a9bc        0x4 ../../iSense/lib/pacemate/iSenseLibraryPacemate.a(pacemate_gpio.o)
                0x0000a9bc                isense::PacemateGpio::enable_interrupt(unsigned char, bool)
 .text._ZN6isense12PacemateGpio17disable_interruptEh
                0x0000a9c0        0x4 ../../iSense/lib/pacemate/iSenseLibraryPacemate.a(pacemate_gpio.o)
                0x0000a9c0                isense::PacemateGpio::disable_interrupt(unsigned char)
 .text._ZN6isense12PacemateGpio3getEh
                0x0000a9c4        0x8 ../../iSense/lib/pacemate/iSenseLibraryPacemate.a(pacemate_gpio.o)
                0x0000a9c4                isense::PacemateGpio::get(unsigned char)
 .text._ZN6isense13PacemateTimer4initEv
                0x0000a9cc       0x18 ../../iSense/lib/pacemate/iSenseLibraryPacemate.a(pacemate_timer.o)
                0x0000a9cc                isense::PacemateTimer::init()
 .text._ZN6isense13PacemateTimer5startENS_4TimeEb
                0x0000a9e4       0x70 ../../iSense/lib/pacemate/iSenseLibraryPacemate.a(pacemate_timer.o)
                0x0000a9e4                isense::PacemateTimer::start(isense::Time, bool)
 .text._ZN6isense13PacemateTimer4stopEv
                0x0000aa54       0x48 ../../iSense/lib/pacemate/iSenseLibraryPacemate.a(pacemate_timer.o)
                0x0000aa54                isense::PacemateTimer::stop()
 .text._ZN6isense13PacemateTimerC1EhPNS_23PacemateEventManagementE
                0x0000aa9c       0x7c ../../iSense/lib/pacemate/iSenseLibraryPacemate.a(pacemate_timer.o)
                0x0000aa9c                isense::PacemateTimer::PacemateTimer(unsigned char, isense::PacemateEventManagement*)
 .text._ZN6isense13PacemateTimerC2EhPNS_23PacemateEventManagementE
                0x0000ab18       0x7c ../../iSense/lib/pacemate/iSenseLibraryPacemate.a(pacemate_timer.o)
                0x0000ab18                isense::PacemateTimer::PacemateTimer(unsigned char, isense::PacemateEventManagement*)
 .text._ZN6isense13PacemateTimer21handle_pacemate_eventE8pm_Event
                0x0000ab94       0xb0 ../../iSense/lib/pacemate/iSenseLibraryPacemate.a(pacemate_timer.o)
                0x0000ab94                isense::PacemateTimer::handle_pacemate_event(pm_Event)
 .text._ZN6isense15PacemateDisplayD2Ev
                0x0000ac44       0x14 ../../iSense/lib/pacemate/iSenseLibraryPacemate.a(pacemate_display.o)
                0x0000ac44                isense::PacemateDisplay::~PacemateDisplay()
 .text._ZN6isense15PacemateDisplayD1Ev
                0x0000ac58       0x14 ../../iSense/lib/pacemate/iSenseLibraryPacemate.a(pacemate_display.o)
                0x0000ac58                isense::PacemateDisplay::~PacemateDisplay()
 .text._ZN6isense15PacemateDisplayD0Ev
                0x0000ac6c       0x34 ../../iSense/lib/pacemate/iSenseLibraryPacemate.a(pacemate_display.o)
                0x0000ac6c                isense::PacemateDisplay::~PacemateDisplay()
 .text._ZN6isense15PacemateDisplay6updateEv
                0x0000aca0        0x4 ../../iSense/lib/pacemate/iSenseLibraryPacemate.a(pacemate_display.o)
                0x0000aca0                isense::PacemateDisplay::update()
 .text._ZN6isense15PacemateDisplay9set_pixelEttb
                0x0000aca4       0x24 ../../iSense/lib/pacemate/iSenseLibraryPacemate.a(pacemate_display.o)
                0x0000aca4                isense::PacemateDisplay::set_pixel(unsigned short, unsigned short, bool)
 .text._ZN6isense15PacemateDisplay11copy_bitmapEttRKNS_6BitmapEb
                0x0000acc8       0x70 ../../iSense/lib/pacemate/iSenseLibraryPacemate.a(pacemate_display.o)
                0x0000acc8                isense::PacemateDisplay::copy_bitmap(unsigned short, unsigned short, isense::Bitmap const&, bool)
 .text._ZN6isense15PacemateDisplayC1ERNS_2OsEt
                0x0000ad38       0x48 ../../iSense/lib/pacemate/iSenseLibraryPacemate.a(pacemate_display.o)
                0x0000ad38                isense::PacemateDisplay::PacemateDisplay(isense::Os&, unsigned short)
 .text._ZN6isense15PacemateDisplayC2ERNS_2OsEt
                0x0000ad80       0x48 ../../iSense/lib/pacemate/iSenseLibraryPacemate.a(pacemate_display.o)
                0x0000ad80                isense::PacemateDisplay::PacemateDisplay(isense::Os&, unsigned short)
 .text._ZN6isense12PacemateUartC2EhPNS_23PacemateEventManagementE
                0x0000adc8       0x8c ../../iSense/lib/pacemate/iSenseLibraryPacemate.a(pacemate_uart.o)
                0x0000adc8                isense::PacemateUart::PacemateUart(unsigned char, isense::PacemateEventManagement*)
 .text._ZN6isense12PacemateUartC1EhPNS_23PacemateEventManagementE
                0x0000ae54       0x8c ../../iSense/lib/pacemate/iSenseLibraryPacemate.a(pacemate_uart.o)
                0x0000ae54                isense::PacemateUart::PacemateUart(unsigned char, isense::PacemateEventManagement*)
 .text._ZN6isense12PacemateUartD2Ev
                0x0000aee0       0x3c ../../iSense/lib/pacemate/iSenseLibraryPacemate.a(pacemate_uart.o)
                0x0000aee0                isense::PacemateUart::~PacemateUart()
 .text._ZN6isense12PacemateUartD1Ev
                0x0000af1c       0x3c ../../iSense/lib/pacemate/iSenseLibraryPacemate.a(pacemate_uart.o)
                0x0000af1c                isense::PacemateUart::~PacemateUart()
 .text._ZN6isense12PacemateUartD0Ev
                0x0000af58       0x50 ../../iSense/lib/pacemate/iSenseLibraryPacemate.a(pacemate_uart.o)
                0x0000af58                isense::PacemateUart::~PacemateUart()
 .text._ZN6isense12PacemateUart4initEv
                0x0000afa8       0x28 ../../iSense/lib/pacemate/iSenseLibraryPacemate.a(pacemate_uart.o)
                0x0000afa8                isense::PacemateUart::init()
 .text._ZN6isense12PacemateUart21handle_pacemate_eventE8pm_Event
                0x0000afd0       0x84 ../../iSense/lib/pacemate/iSenseLibraryPacemate.a(pacemate_uart.o)
                0x0000afd0                isense::PacemateUart::handle_pacemate_event(pm_Event)
 .text._ZN6isense12PacemateUart9read_dataEPhh
                0x0000b054       0x64 ../../iSense/lib/pacemate/iSenseLibraryPacemate.a(pacemate_uart.o)
                0x0000b054                isense::PacemateUart::read_data(unsigned char*, unsigned char)
 .text._ZN6isense12PacemateUart7enabledEv
                0x0000b0b8        0x8 ../../iSense/lib/pacemate/iSenseLibraryPacemate.a(pacemate_uart.o)
                0x0000b0b8                isense::PacemateUart::enabled()
 .text._ZN6isense12PacemateUart6enableEv
                0x0000b0c0       0x14 ../../iSense/lib/pacemate/iSenseLibraryPacemate.a(pacemate_uart.o)
                0x0000b0c0                isense::PacemateUart::enable()
 .text._ZN6isense12PacemateUart7disableEv
                0x0000b0d4        0xc ../../iSense/lib/pacemate/iSenseLibraryPacemate.a(pacemate_uart.o)
                0x0000b0d4                isense::PacemateUart::disable()
 .text._ZN6isense12PacemateUart8baudrateEv
                0x0000b0e0        0x8 ../../iSense/lib/pacemate/iSenseLibraryPacemate.a(pacemate_uart.o)
                0x0000b0e0                isense::PacemateUart::baudrate()
 .text._ZN6isense12PacemateUart12set_baudrateEm
                0x0000b0e8        0x8 ../../iSense/lib/pacemate/iSenseLibraryPacemate.a(pacemate_uart.o)
                0x0000b0e8                isense::PacemateUart::set_baudrate(unsigned long)
 .text._ZN6isense12PacemateUart11set_controlEhch
                0x0000b0f0        0x4 ../../iSense/lib/pacemate/iSenseLibraryPacemate.a(pacemate_uart.o)
                0x0000b0f0                isense::PacemateUart::set_control(unsigned char, char, unsigned char)
 .text._ZN6isense12PacemateUart3putEh
                0x0000b0f4       0x58 ../../iSense/lib/pacemate/iSenseLibraryPacemate.a(pacemate_uart.o)
                0x0000b0f4                isense::PacemateUart::put(unsigned char)
 .text._ZN6isense12PacemateUart16enable_interruptEb
                0x0000b14c        0x8 ../../iSense/lib/pacemate/iSenseLibraryPacemate.a(pacemate_uart.o)
                0x0000b14c                isense::PacemateUart::enable_interrupt(bool)
 .text._ZN6isense12PacemateUart10toggle_rtsEv
                0x0000b154        0x4 ../../iSense/lib/pacemate/iSenseLibraryPacemate.a(pacemate_uart.o)
                0x0000b154                isense::PacemateUart::toggle_rts()
 .text._ZN6isense12PacemateUart12write_packetEhPKcm
                0x0000b158      0x120 ../../iSense/lib/pacemate/iSenseLibraryPacemate.a(pacemate_uart.o)
                0x0000b158                isense::PacemateUart::write_packet(unsigned char, char const*, unsigned long)
 .text._ZN6isense11PacemateI2CC2ERNS_2OsE
                0x0000b278       0x28 ../../iSense/lib/pacemate/iSenseLibraryPacemate.a(pacemate_i2c.o)
                0x0000b278                isense::PacemateI2C::PacemateI2C(isense::Os&)
 .text._ZN6isense11PacemateI2CC1ERNS_2OsE
                0x0000b2a0       0x28 ../../iSense/lib/pacemate/iSenseLibraryPacemate.a(pacemate_i2c.o)
                0x0000b2a0                isense::PacemateI2C::PacemateI2C(isense::Os&)
 .text._ZN6isense11PacemateI2C4initEv
                0x0000b2c8        0x4 ../../iSense/lib/pacemate/iSenseLibraryPacemate.a(pacemate_i2c.o)
                0x0000b2c8                isense::PacemateI2C::init()
 .text._ZN6isense11PacemateI2C13set_frequencyEt
                0x0000b2cc        0x8 ../../iSense/lib/pacemate/iSenseLibraryPacemate.a(pacemate_i2c.o)
                0x0000b2cc                isense::PacemateI2C::set_frequency(unsigned short)
 .text._ZN6isense11PacemateI2C5writeEhhhPh
                0x0000b2d4        0x8 ../../iSense/lib/pacemate/iSenseLibraryPacemate.a(pacemate_i2c.o)
                0x0000b2d4                isense::PacemateI2C::write(unsigned char, unsigned char, unsigned char, unsigned char*)
 .text._ZN6isense11PacemateI2C10write_readEhhhPh
                0x0000b2dc        0x8 ../../iSense/lib/pacemate/iSenseLibraryPacemate.a(pacemate_i2c.o)
                0x0000b2dc                isense::PacemateI2C::write_read(unsigned char, unsigned char, unsigned char, unsigned char*)
 .text._ZN6isense11PacemateI2C4readEhhPh
                0x0000b2e4        0x8 ../../iSense/lib/pacemate/iSenseLibraryPacemate.a(pacemate_i2c.o)
                0x0000b2e4                isense::PacemateI2C::read(unsigned char, unsigned char, unsigned char*)
 .text._ZN6isense11PacemateI2C4waitEb
                0x0000b2ec        0x8 ../../iSense/lib/pacemate/iSenseLibraryPacemate.a(pacemate_i2c.o)
                0x0000b2ec                isense::PacemateI2C::wait(bool)
 .text._ZN6isense13PacemateClock14watchdog_startEv
                0x0000b2f4       0x10 ../../iSense/lib/pacemate/iSenseLibraryPacemate.a(pacemate_clock.o)
                0x0000b2f4                isense::PacemateClock::watchdog_start()
 .text._ZN6isense13PacemateClock13watchdog_stopEv
                0x0000b304       0x10 ../../iSense/lib/pacemate/iSenseLibraryPacemate.a(pacemate_clock.o)
                0x0000b304                isense::PacemateClock::watchdog_stop()
 .text._ZN6isense13PacemateClock9set_alarmENS_4TimeE
                0x0000b314       0x14 ../../iSense/lib/pacemate/iSenseLibraryPacemate.a(pacemate_clock.o)
                0x0000b314                isense::PacemateClock::set_alarm(isense::Time)
 .text._ZN6isense13PacemateClock13prepare_sleepEv
                0x0000b328        0x8 ../../iSense/lib/pacemate/iSenseLibraryPacemate.a(pacemate_clock.o)
                0x0000b328                isense::PacemateClock::prepare_sleep()
 .text._ZN6isense13PacemateClock10stop_alarmEv
                0x0000b330       0x48 ../../iSense/lib/pacemate/iSenseLibraryPacemate.a(pacemate_clock.o)
                0x0000b330                isense::PacemateClock::stop_alarm()
 .text._ZN6isense13PacemateClockD0Ev
                0x0000b378       0x30 ../../iSense/lib/pacemate/iSenseLibraryPacemate.a(pacemate_clock.o)
                0x0000b378                isense::PacemateClock::~PacemateClock()
 .text._ZN6isense13PacemateClockD1Ev
                0x0000b3a8       0x10 ../../iSense/lib/pacemate/iSenseLibraryPacemate.a(pacemate_clock.o)
                0x0000b3a8                isense::PacemateClock::~PacemateClock()
 .text._ZN6isense13PacemateClockD2Ev
                0x0000b3b8       0x10 ../../iSense/lib/pacemate/iSenseLibraryPacemate.a(pacemate_clock.o)
                0x0000b3b8                isense::PacemateClock::~PacemateClock()
 .text._ZN6isense13PacemateClock4initEv
                0x0000b3c8       0xd4 ../../iSense/lib/pacemate/iSenseLibraryPacemate.a(pacemate_clock.o)
                0x0000b3c8                isense::PacemateClock::init()
 .text._ZN6isense13PacemateClock7timeoutEPv
                0x0000b49c       0x74 ../../iSense/lib/pacemate/iSenseLibraryPacemate.a(pacemate_clock.o)
                0x0000b49c                isense::PacemateClock::timeout(void*)
 .text._ZN6isense13PacemateClock8set_timeENS_4TimeE
                0x0000b510      0x13c ../../iSense/lib/pacemate/iSenseLibraryPacemate.a(pacemate_clock.o)
                0x0000b510                isense::PacemateClock::set_time(isense::Time)
 .text._ZN6isense13PacemateClockC1ERNS_2OsE
                0x0000b64c       0x70 ../../iSense/lib/pacemate/iSenseLibraryPacemate.a(pacemate_clock.o)
                0x0000b64c                isense::PacemateClock::PacemateClock(isense::Os&)
 .text._ZN6isense13PacemateClockC2ERNS_2OsE
                0x0000b6bc       0x70 ../../iSense/lib/pacemate/iSenseLibraryPacemate.a(pacemate_clock.o)
                0x0000b6bc                isense::PacemateClock::PacemateClock(isense::Os&)
 .text._ZN6isense13PacemateClock4timeEv
                0x0000b72c       0x24 ../../iSense/lib/pacemate/iSenseLibraryPacemate.a(pacemate_clock.o)
                0x0000b72c                isense::PacemateClock::time()
 .text.enableFIQ
                0x0000b750       0x10 ../../iSense/lib/pacemate/iSenseLibraryPacemate.a(armVIC.o)
                0x0000b750                enableFIQ
 .text.disableIRQ
                0x0000b760       0x10 ../../iSense/lib/pacemate/iSenseLibraryPacemate.a(armVIC.o)
                0x0000b760                disableIRQ
 .text.restoreIRQ
                0x0000b770       0x1c ../../iSense/lib/pacemate/iSenseLibraryPacemate.a(armVIC.o)
                0x0000b770                restoreIRQ
 .text.enableIRQ
                0x0000b78c       0x10 ../../iSense/lib/pacemate/iSenseLibraryPacemate.a(armVIC.o)
                0x0000b78c                enableIRQ
 .text.disableFIQ
                0x0000b79c       0x10 ../../iSense/lib/pacemate/iSenseLibraryPacemate.a(armVIC.o)
                0x0000b79c                disableFIQ
 .text.restoreFIQ
                0x0000b7ac       0x1c ../../iSense/lib/pacemate/iSenseLibraryPacemate.a(armVIC.o)
                0x0000b7ac                restoreFIQ
 .text.Event_Boot
                0x0000b7c8       0x14 ../../iSense/lib/pacemate/iSenseLibraryPacemate.a(Event.o)
                0x0000b7c8                Event_Boot
 .text.Event_NewEvent
                0x0000b7dc       0x28 ../../iSense/lib/pacemate/iSenseLibraryPacemate.a(Event.o)
                0x0000b7dc                Event_NewEvent
 .text.Event_SetEventFunc
                0x0000b804       0x10 ../../iSense/lib/pacemate/iSenseLibraryPacemate.a(Event.o)
                0x0000b804                Event_SetEventFunc
 .text.KEY_Boot
                0x0000b814       0xa4 ../../iSense/lib/pacemate/iSenseLibraryPacemate.a(Key.o)
                0x0000b814                KEY_Boot
 .text.KEY_GetKeyState
                0x0000b8b8       0x38 ../../iSense/lib/pacemate/iSenseLibraryPacemate.a(Key.o)
                0x0000b8b8                KEY_GetKeyState
 .text.GetKey   0x0000b8f0       0x5c ../../iSense/lib/pacemate/iSenseLibraryPacemate.a(Key.o)
 .text.KEY_Loop
                0x0000b94c      0x170 ../../iSense/lib/pacemate/iSenseLibraryPacemate.a(Key.o)
                0x0000b94c                KEY_Loop
 .text.ScrambleRandomReceive
                0x0000babc       0x64 ../../iSense/lib/pacemate/iSenseLibraryPacemate.a(RF.o)
 .text.RF_SetPackageType
                0x0000bb20       0x10 ../../iSense/lib/pacemate/iSenseLibraryPacemate.a(RF.o)
                0x0000bb20                RF_SetPackageType
 .text.RF_TransmitterOutputPower
                0x0000bb30       0x54 ../../iSense/lib/pacemate/iSenseLibraryPacemate.a(RF.o)
                0x0000bb30                RF_TransmitterOutputPower
 .text.RF_SetBaudrate
                0x0000bb84       0x30 ../../iSense/lib/pacemate/iSenseLibraryPacemate.a(RF.o)
                0x0000bb84                RF_SetBaudrate
 .text.RF_GetHourTics
                0x0000bbb4       0x10 ../../iSense/lib/pacemate/iSenseLibraryPacemate.a(RF.o)
                0x0000bbb4                RF_GetHourTics
 .text.RF_SetState
                0x0000bbc4       0x10 ../../iSense/lib/pacemate/iSenseLibraryPacemate.a(RF.o)
                0x0000bbc4                RF_SetState
 .text.RF_GetState
                0x0000bbd4       0x10 ../../iSense/lib/pacemate/iSenseLibraryPacemate.a(RF.o)
                0x0000bbd4                RF_GetState
 .text.RF_GetRssi
                0x0000bbe4       0x10 ../../iSense/lib/pacemate/iSenseLibraryPacemate.a(RF.o)
                0x0000bbe4                RF_GetRssi
 .text.RF_EnableCSMA
                0x0000bbf4       0x10 ../../iSense/lib/pacemate/iSenseLibraryPacemate.a(RF.o)
                0x0000bbf4                RF_EnableCSMA
 .text.RF_SetRssiThreshold
                0x0000bc04       0x10 ../../iSense/lib/pacemate/iSenseLibraryPacemate.a(RF.o)
                0x0000bc04                RF_SetRssiThreshold
 .text.RF_SetRegistersCfg
                0x0000bc14       0x38 ../../iSense/lib/pacemate/iSenseLibraryPacemate.a(RF.o)
                0x0000bc14                RF_SetRegistersCfg
 .text.RF_Reconfig
                0x0000bc4c       0x14 ../../iSense/lib/pacemate/iSenseLibraryPacemate.a(RF.o)
                0x0000bc4c                RF_Reconfig
 .text.SPINssData
                0x0000bc60       0x2c ../../iSense/lib/pacemate/iSenseLibraryPacemate.a(RF.o)
 .text.SPINssConfig
                0x0000bc8c       0x2c ../../iSense/lib/pacemate/iSenseLibraryPacemate.a(RF.o)
 .text.WriteRegister
                0x0000bcb8       0x4c ../../iSense/lib/pacemate/iSenseLibraryPacemate.a(RF.o)
 .text.SetRFMode
                0x0000bd04      0x174 ../../iSense/lib/pacemate/iSenseLibraryPacemate.a(RF.o)
 .text.InitRFChip
                0x0000be78       0xf4 ../../iSense/lib/pacemate/iSenseLibraryPacemate.a(RF.o)
 .text.RF_Boot  0x0000bf6c      0x184 ../../iSense/lib/pacemate/iSenseLibraryPacemate.a(RF.o)
                0x0000bf6c                RF_Boot
 .text.SendByte
                0x0000c0f0       0x30 ../../iSense/lib/pacemate/iSenseLibraryPacemate.a(RF.o)
 .text.ReceiveByte
                0x0000c120       0x2c ../../iSense/lib/pacemate/iSenseLibraryPacemate.a(RF.o)
 .text.ReadRssi
                0x0000c14c       0x38 ../../iSense/lib/pacemate/iSenseLibraryPacemate.a(RF.o)
 .text.GenBackoffTime
                0x0000c184       0x1c ../../iSense/lib/pacemate/iSenseLibraryPacemate.a(RF.o)
 .text.RF_Send  0x0000c1a0      0x22c ../../iSense/lib/pacemate/iSenseLibraryPacemate.a(RF.o)
                0x0000c1a0                RF_Send
 .text.TXLoop   0x0000c3cc      0x1b0 ../../iSense/lib/pacemate/iSenseLibraryPacemate.a(RF.o)
 .text.RF_Receive
                0x0000c57c      0x1c0 ../../iSense/lib/pacemate/iSenseLibraryPacemate.a(RF.o)
                0x0000c57c                RF_Receive
 .text.SetReceiveMode
                0x0000c73c      0x12c ../../iSense/lib/pacemate/iSenseLibraryPacemate.a(RF.o)
 .text.ExitTransmitMode
                0x0000c868       0x64 ../../iSense/lib/pacemate/iSenseLibraryPacemate.a(RF.o)
 .text.RF_Irq   0x0000c8cc      0x3e8 ../../iSense/lib/pacemate/iSenseLibraryPacemate.a(RF.o)
                0x0000c8cc                RF_Irq
 .text.RF_Loop  0x0000ccb4      0x2bc ../../iSense/lib/pacemate/iSenseLibraryPacemate.a(RF.o)
                0x0000ccb4                RF_Loop
 .text.RS232_Boot
                0x0000cf70       0x98 ../../iSense/lib/pacemate/iSenseLibraryPacemate.a(RS232.o)
                0x0000cf70                RS232_Boot
 .text.RS232_Write
                0x0000d008       0xa4 ../../iSense/lib/pacemate/iSenseLibraryPacemate.a(RS232.o)
                0x0000d008                RS232_Write
 .text.RS232_Read
                0x0000d0ac       0xa4 ../../iSense/lib/pacemate/iSenseLibraryPacemate.a(RS232.o)
                0x0000d0ac                RS232_Read
 .text.RS232_Poll
                0x0000d150      0x104 ../../iSense/lib/pacemate/iSenseLibraryPacemate.a(RS232.o)
                0x0000d150                RS232_Poll
 .text.RS232_GetState
                0x0000d254       0x40 ../../iSense/lib/pacemate/iSenseLibraryPacemate.a(RS232.o)
                0x0000d254                RS232_GetState
 .text.RS232_TXBufferSpace
                0x0000d294       0x48 ../../iSense/lib/pacemate/iSenseLibraryPacemate.a(RS232.o)
                0x0000d294                RS232_TXBufferSpace
 .text.RTC_SetTime
                0x0000d2dc       0x24 ../../iSense/lib/pacemate/iSenseLibraryPacemate.a(RTC.o)
                0x0000d2dc                RTC_SetTime
 .text.RTC_SetDate
                0x0000d300       0x28 ../../iSense/lib/pacemate/iSenseLibraryPacemate.a(RTC.o)
                0x0000d300                RTC_SetDate
 .text.RTC_GetTime
                0x0000d328       0x24 ../../iSense/lib/pacemate/iSenseLibraryPacemate.a(RTC.o)
                0x0000d328                RTC_GetTime
 .text.RTC_GetDate
                0x0000d34c       0x24 ../../iSense/lib/pacemate/iSenseLibraryPacemate.a(RTC.o)
                0x0000d34c                RTC_GetDate
 .text.RTC_Boot
                0x0000d370       0x54 ../../iSense/lib/pacemate/iSenseLibraryPacemate.a(RTC.o)
                0x0000d370                RTC_Boot
 .text.Spi_Boot
                0x0000d3c4       0x30 ../../iSense/lib/pacemate/iSenseLibraryPacemate.a(Spi.o)
                0x0000d3c4                Spi_Boot
 .text.Spi_Write
                0x0000d3f4       0x2c ../../iSense/lib/pacemate/iSenseLibraryPacemate.a(Spi.o)
                0x0000d3f4                Spi_Write
 .text.Spi_Read
                0x0000d420       0x2c ../../iSense/lib/pacemate/iSenseLibraryPacemate.a(Spi.o)
                0x0000d420                Spi_Read
 .text.Timer_Boot
                0x0000d44c       0x98 ../../iSense/lib/pacemate/iSenseLibraryPacemate.a(Timer.o)
                0x0000d44c                Timer_Boot
 .text.Timer_GetSysTics
                0x0000d4e4       0x10 ../../iSense/lib/pacemate/iSenseLibraryPacemate.a(Timer.o)
                0x0000d4e4                Timer_GetSysTics
 .text.Timer_Start
                0x0000d4f4       0x20 ../../iSense/lib/pacemate/iSenseLibraryPacemate.a(Timer.o)
                0x0000d4f4                Timer_Start
 .text.Timer_Stop
                0x0000d514       0x14 ../../iSense/lib/pacemate/iSenseLibraryPacemate.a(Timer.o)
                0x0000d514                Timer_Stop
 .text.Timer_GetTime
                0x0000d528       0x10 ../../iSense/lib/pacemate/iSenseLibraryPacemate.a(Timer.o)
                0x0000d528                Timer_GetTime
 .text.Timer_Loop
                0x0000d538       0x74 ../../iSense/lib/pacemate/iSenseLibraryPacemate.a(Timer.o)
                0x0000d538                Timer_Loop
 .text._ZN6isense9CsmaRadio8scheduleEv
                0x0000d5ac       0xe4 ../../iSense/lib/pacemate/iSenseLibraryPacemate.a(csma_radio.o)
                0x0000d5ac                isense::CsmaRadio::schedule()
 .text._ZN6isense9CsmaRadio4initEv
                0x0000d690       0x28 ../../iSense/lib/pacemate/iSenseLibraryPacemate.a(csma_radio.o)
                0x0000d690                isense::CsmaRadio::init()
 .text._ZN6isense9CsmaRadio7send2hwEthPKhhPNS_6SenderE
                0x0000d6b8       0xe4 ../../iSense/lib/pacemate/iSenseLibraryPacemate.a(csma_radio.o)
                0x0000d6b8                isense::CsmaRadio::send2hw(unsigned short, unsigned char, unsigned char const*, unsigned char, isense::Sender*)
 .text._ZN6isense9CsmaRadio6enableEv
                0x0000d79c       0x28 ../../iSense/lib/pacemate/iSenseLibraryPacemate.a(csma_radio.o)
                0x0000d79c                isense::CsmaRadio::enable()
 .text._ZN6isense9CsmaRadio7disableEv
                0x0000d7c4       0xc0 ../../iSense/lib/pacemate/iSenseLibraryPacemate.a(csma_radio.o)
                0x0000d7c4                isense::CsmaRadio::disable()
 .text._ZN6isense5Timer4initEv
                0x0000d884        0x4 ../../iSense/lib/pacemate/iSenseLibraryPacemate.a(timer.o)
                0x0000d884                isense::Timer::init()
 .text._ZN6isense5Timer19set_timeout_handlerEPNS_14TimeoutHandlerE
                0x0000d888        0xc ../../iSense/lib/pacemate/iSenseLibraryPacemate.a(timer.o)
                0x0000d888                isense::Timer::set_timeout_handler(isense::TimeoutHandler*)
 .text._ZN6isense13HardwareRadio11free_handleEh
                0x0000d894       0xcc ../../iSense/lib/pacemate/iSenseLibraryPacemate.a(hardware_radio.o)
                0x0000d894                isense::HardwareRadio::free_handle(unsigned char)
 .text._ZN6isense13HardwareRadio10setSwRadioEPNS_5RadioE
                0x0000d960       0x24 ../../iSense/lib/pacemate/iSenseLibraryPacemate.a(hardware_radio.o)
                0x0000d960                isense::HardwareRadio::setSwRadio(isense::Radio*)
 .text._ZN6isense13HardwareRadio2osEv
                0x0000d984        0x8 ../../iSense/lib/pacemate/iSenseLibraryPacemate.a(hardware_radio.o)
                0x0000d984                isense::HardwareRadio::os()
 .text._ZN6isense13HardwareRadio11next_handleEv
                0x0000d98c       0x28 ../../iSense/lib/pacemate/iSenseLibraryPacemate.a(hardware_radio.o)
                0x0000d98c                isense::HardwareRadio::next_handle()
 .text._ZN6isense13HardwareRadio14enqueue_packetEthPKhhPNS_6SenderE
                0x0000d9b4      0x134 ../../iSense/lib/pacemate/iSenseLibraryPacemate.a(hardware_radio.o)
                0x0000d9b4                isense::HardwareRadio::enqueue_packet(unsigned short, unsigned char, unsigned char const*, unsigned char, isense::Sender*)
 .text._ZN6isense5RadioD0Ev
                0x0000dae8       0x40 ../../iSense/lib/pacemate/iSenseLibraryPacemate.a(radio.o)
                0x0000dae8                isense::Radio::~Radio()
 .text._ZN6isense5Radio12set_receiverEPNS_8ReceiverE
                0x0000db28       0x28 ../../iSense/lib/pacemate/iSenseLibraryPacemate.a(radio.o)
                0x0000db28                isense::Radio::set_receiver(isense::Receiver*)
 .text._ZN6isense5Radio4sendEthPKhhPNS_6SenderE
                0x0000db50       0x38 ../../iSense/lib/pacemate/iSenseLibraryPacemate.a(radio.o)
                0x0000db50                isense::Radio::send(unsigned short, unsigned char, unsigned char const*, unsigned char, isense::Sender*)
 .text._ZN6isense5Radio12queue_lengthEv
                0x0000db88       0x30 ../../iSense/lib/pacemate/iSenseLibraryPacemate.a(radio.o)
                0x0000db88                isense::Radio::queue_length()
 .text._ZN6isense5RadioC2ERNS_13HardwareRadioE
                0x0000dbb8       0x50 ../../iSense/lib/pacemate/iSenseLibraryPacemate.a(radio.o)
                0x0000dbb8                isense::Radio::Radio(isense::HardwareRadio&)
 .text._ZN6isense5RadioC1ERNS_13HardwareRadioE
                0x0000dc08       0x50 ../../iSense/lib/pacemate/iSenseLibraryPacemate.a(radio.o)